select 35 cells from 82 cells
keep 12 cells
Baseline Delay: 1573.15
Baseline Area: 6641.49
Batch iteration: 0
Current best reward:  -1.0263428732164126
Current best result:  (1628.62, 6757.73)
Batch iteration: 1
Current best reward:  -1.0263428732164126
Current best result:  (1628.62, 6757.73)
Batch iteration: 2
Current best reward:  -1.0263428732164126
Current best result:  (1628.62, 6757.73)
Batch iteration: 3
Current best reward:  -1.0191039971670484
Current best result:  (1565.73, 6930.36)
Batch iteration: 4
Current best reward:  -0.9875446984217263
Current best result:  (1434.47, 7103.26)
Batch iteration: 5
Current best reward:  -0.9875446984217263
Current best result:  (1434.47, 7103.26)
Batch iteration: 6
Current best reward:  -0.9875446984217263
Current best result:  (1434.47, 7103.26)
Batch iteration: 7
Current best reward:  -0.9875446984217263
Current best result:  (1434.47, 7103.26)
Batch iteration: 8
Current best reward:  -0.9875446984217263
Current best result:  (1434.47, 7103.26)
Batch iteration: 9
Current best reward:  -0.9875446984217263
Current best result:  (1434.47, 7103.26)
Batch iteration: 10
Current best reward:  -0.9875446984217263
Current best result:  (1434.47, 7103.26)
Batch iteration: 11
Current best reward:  -0.9875446984217263
Current best result:  (1434.47, 7103.26)
Batch iteration: 12
Current best reward:  -0.9875446984217263
Current best result:  (1434.47, 7103.26)
Batch iteration: 13
Current best reward:  -0.9875446984217263
Current best result:  (1434.47, 7103.26)
Batch iteration: 14
Current best reward:  -0.9875446984217263
Current best result:  (1434.47, 7103.26)
Batch iteration: 15
Current best reward:  -0.9875446984217263
Current best result:  (1434.47, 7103.26)
Batch iteration: 16
Current best reward:  -0.9875446984217263
Current best result:  (1434.47, 7103.26)
Batch iteration: 17
Current best reward:  -0.9875446984217263
Current best result:  (1434.47, 7103.26)
Batch iteration: 18
Current best reward:  -0.9875446984217263
Current best result:  (1434.47, 7103.26)
Batch iteration: 19
Current best reward:  -0.9875446984217263
Current best result:  (1434.47, 7103.26)
Batch iteration: 20
Current best reward:  -0.9875446984217263
Current best result:  (1434.47, 7103.26)
Batch iteration: 21
Current best reward:  -0.9875446984217263
Current best result:  (1434.47, 7103.26)
Batch iteration: 22
Current best reward:  -0.9875446984217263
Current best result:  (1434.47, 7103.26)
Batch iteration: 23
Current best reward:  -0.9875446984217263
Current best result:  (1434.47, 7103.26)
Batch iteration: 24
Current best reward:  -0.9875446984217263
Current best result:  (1434.47, 7103.26)
Batch iteration: 25
Current best reward:  -0.9875446984217263
Current best result:  (1434.47, 7103.26)
Batch iteration: 26
Current best reward:  -0.9875446984217263
Current best result:  (1434.47, 7103.26)
Batch iteration: 27
Current best reward:  -0.9875446984217263
Current best result:  (1434.47, 7103.26)
Batch iteration: 28
Current best reward:  -0.9875446984217263
Current best result:  (1434.47, 7103.26)
Batch iteration: 29
Current best reward:  -0.9875446984217263
Current best result:  (1434.47, 7103.26)
Batch iteration: 30
Current best reward:  -0.9875446984217263
Current best result:  (1434.47, 7103.26)
Batch iteration: 31
Current best reward:  -0.9875446984217263
Current best result:  (1434.47, 7103.26)
Batch iteration: 32
Current best reward:  -0.9875446984217263
Current best result:  (1434.47, 7103.26)
Batch iteration: 33
Current best reward:  -0.9875446984217263
Current best result:  (1434.47, 7103.26)
Batch iteration: 34
Current best reward:  -0.9875446984217263
Current best result:  (1434.47, 7103.26)
Batch iteration: 35
Current best reward:  -0.9875446984217263
Current best result:  (1434.47, 7103.26)
Batch iteration: 36
Current best reward:  -0.9875446984217263
Current best result:  (1434.47, 7103.26)
Batch iteration: 37
Current best reward:  -0.9875446984217263
Current best result:  (1434.47, 7103.26)
Batch iteration: 38
Current best reward:  -0.9875446984217263
Current best result:  (1434.47, 7103.26)
Batch iteration: 39
Current best reward:  -0.9875446984217263
Current best result:  (1434.47, 7103.26)
Batch iteration: 40
Current best reward:  -0.9875446984217263
Current best result:  (1434.47, 7103.26)
Batch iteration: 41
Current best reward:  -0.9875446984217263
Current best result:  (1434.47, 7103.26)
Batch iteration: 42
Current best reward:  -0.9875446984217263
Current best result:  (1434.47, 7103.26)
Batch iteration: 43
Current best reward:  -0.9875446984217263
Current best result:  (1434.47, 7103.26)
Batch iteration: 44
Current best reward:  -0.9875446984217263
Current best result:  (1434.47, 7103.26)
Batch iteration: 45
Current best reward:  -0.9875446984217263
Current best result:  (1434.47, 7103.26)
Batch iteration: 46
Current best reward:  -0.9875446984217263
Current best result:  (1434.47, 7103.26)
Batch iteration: 47
Current best reward:  -0.9875446984217263
Current best result:  (1434.47, 7103.26)
Batch iteration: 48
Current best reward:  -0.9875446984217263
Current best result:  (1434.47, 7103.26)
Batch iteration: 49
Current best reward:  -0.9875446984217263
Current best result:  (1434.47, 7103.26)
Batch iteration: 50
Current best reward:  -0.9875446984217263
Current best result:  (1434.47, 7103.26)
Batch iteration: 51
Current best reward:  -0.9875446984217263
Current best result:  (1434.47, 7103.26)
Batch iteration: 52
Current best reward:  -0.9875446984217263
Current best result:  (1434.47, 7103.26)
Batch iteration: 53
Current best reward:  -0.9875446984217263
Current best result:  (1434.47, 7103.26)
Batch iteration: 54
Current best reward:  -0.9875446984217263
Current best result:  (1434.47, 7103.26)
Batch iteration: 55
Current best reward:  -0.9875446984217263
Current best result:  (1434.47, 7103.26)
Batch iteration: 56
Current best reward:  -0.9875446984217263
Current best result:  (1434.47, 7103.26)
Batch iteration: 57
Current best reward:  -0.9875446984217263
Current best result:  (1434.47, 7103.26)
Batch iteration: 58
Current best reward:  -0.9875446984217263
Current best result:  (1434.47, 7103.26)
Batch iteration: 59
Current best reward:  -0.9875446984217263
Current best result:  (1434.47, 7103.26)
Batch iteration: 60
Current best reward:  -0.9875446984217263
Current best result:  (1434.47, 7103.26)
Batch iteration: 61
Current best reward:  -0.9875446984217263
Current best result:  (1434.47, 7103.26)
Batch iteration: 62
Current best reward:  -0.9875446984217263
Current best result:  (1434.47, 7103.26)
Batch iteration: 63
Current best reward:  -0.9875446984217263
Current best result:  (1434.47, 7103.26)
Batch iteration: 64
Current best reward:  -0.9875446984217263
Current best result:  (1434.47, 7103.26)
Batch iteration: 65
Current best reward:  -0.9875446984217263
Current best result:  (1434.47, 7103.26)
Batch iteration: 66
Current best reward:  -0.9875446984217263
Current best result:  (1434.47, 7103.26)
Batch iteration: 67
Current best reward:  -0.9875446984217263
Current best result:  (1434.47, 7103.26)
Batch iteration: 68
Current best reward:  -0.9875446984217263
Current best result:  (1434.47, 7103.26)
Batch iteration: 69
Current best reward:  -0.9875446984217263
Current best result:  (1434.47, 7103.26)
Batch iteration: 70
Current best reward:  -0.9875446984217263
Current best result:  (1434.47, 7103.26)
Batch iteration: 71
Current best reward:  -0.9875446984217263
Current best result:  (1434.47, 7103.26)
Batch iteration: 72
Current best reward:  -0.9875446984217263
Current best result:  (1434.47, 7103.26)
Batch iteration: 73
Current best reward:  -0.9875446984217263
Current best result:  (1434.47, 7103.26)
Batch iteration: 74
Current best reward:  -0.9875446984217263
Current best result:  (1434.47, 7103.26)
Batch iteration: 75
Current best reward:  -0.9875446984217263
Current best result:  (1434.47, 7103.26)
Batch iteration: 76
Current best reward:  -0.9875446984217263
Current best result:  (1434.47, 7103.26)
Batch iteration: 77
Current best reward:  -0.9875446984217263
Current best result:  (1434.47, 7103.26)
Batch iteration: 78
Current best reward:  -0.9875446984217263
Current best result:  (1434.47, 7103.26)
Batch iteration: 79
Current best reward:  -0.9875446984217263
Current best result:  (1434.47, 7103.26)
Batch iteration: 80
Current best reward:  -0.9875446984217263
Current best result:  (1434.47, 7103.26)
Batch iteration: 81
Current best reward:  -0.9875446984217263
Current best result:  (1434.47, 7103.26)
Batch iteration: 82
Current best reward:  -0.9875446984217263
Current best result:  (1434.47, 7103.26)
Batch iteration: 83
Current best reward:  -0.9875446984217263
Current best result:  (1434.47, 7103.26)
Batch iteration: 84
Current best reward:  -0.9875446984217263
Current best result:  (1434.47, 7103.26)
Batch iteration: 85
Current best reward:  -0.9875446984217263
Current best result:  (1434.47, 7103.26)
Batch iteration: 86
Current best reward:  -0.9875446984217263
Current best result:  (1434.47, 7103.26)
Batch iteration: 87
Current best reward:  -0.9875446984217263
Current best result:  (1434.47, 7103.26)
Batch iteration: 88
Current best reward:  -0.9875446984217263
Current best result:  (1434.47, 7103.26)
Batch iteration: 89
Current best reward:  -0.9875446984217263
Current best result:  (1434.47, 7103.26)
Batch iteration: 90
Current best reward:  -0.9875446984217263
Current best result:  (1434.47, 7103.26)
Batch iteration: 91
Current best reward:  -0.9875446984217263
Current best result:  (1434.47, 7103.26)
Batch iteration: 92
Current best reward:  -0.9875446984217263
Current best result:  (1434.47, 7103.26)
Batch iteration: 93
Current best reward:  -0.9875446984217263
Current best result:  (1434.47, 7103.26)
Batch iteration: 94
Current best reward:  -0.9875446984217263
Current best result:  (1434.47, 7103.26)
Batch iteration: 95
Current best reward:  -0.9875446984217263
Current best result:  (1434.47, 7103.26)
Batch iteration: 96
Current best reward:  -0.9875446984217263
Current best result:  (1434.47, 7103.26)
Batch iteration: 97
Current best reward:  -0.9875446984217263
Current best result:  (1434.47, 7103.26)
Batch iteration: 98
Current best reward:  -0.9875446984217263
Current best result:  (1434.47, 7103.26)
Batch iteration: 99
Current best reward:  -0.9875446984217263
Current best result:  (1434.47, 7103.26)
Best Delay: 1434.47
Best Area: 7103.26
Best Reward: -0.9875446984217263
Total time: 981.7600741386414
  1: success, best reward: -0.9802, delay: 1430.48, area: 7017.88, cells count: 34
  2: success, best reward: -0.9765, delay: 1420.5, area: 7014.15, cells count: 35
  3: fail, round best reward: -0.9765, delay: 1420.5, area: 7014.15, cells count: 34
  4: success, best reward: -0.9745, delay: 1413.3, area: 7020.54, cells count: 35
  5: fail, round best reward: -0.9745, delay: 1413.3, area: 7020.54, cells count: 34
  6: success, best reward: -0.9709, delay: 1426.02, area: 6906.69, cells count: 35
  7: fail, round best reward: -0.9709, delay: 1426.02, area: 6906.69, cells count: 34
  8: success, best reward: -0.9684, delay: 1419.44, area: 6902.43, cells count: 35
  9: success, best reward: -0.9680, delay: 1418.03, area: 6904.56, cells count: 34
 10: success, best reward: -0.9635, delay: 1401.38, area: 6920.79, cells count: 33
 11: success, best reward: -0.9625, delay: 1400.69, area: 6910.68, cells count: 34
 12: fail, round best reward: -0.9625, delay: 1400.69, area: 6910.68, cells count: 35
 13: fail, round best reward: -0.9625, delay: 1400.69, area: 6910.68, cells count: 34
Best Reward: -0.9625284540433496
Best Delay: 1400.69
Best Area: 6910.68
Best Cells Count: 34
Total time: 1205.3516294956207
