select 54 cells from 82 cells
keep 12 cells
Baseline Delay: 1573.15
Baseline Area: 6641.49
Batch iteration: 0
Current best reward:  -1.0015795965185477
Current best result:  (1498.71, 6993.41)
Batch iteration: 1
Current best reward:  -1.0015795965185477
Current best result:  (1498.71, 6993.41)
Batch iteration: 2
Current best reward:  -0.9905374036791114
Current best result:  (1513.81, 6771.83)
Batch iteration: 3
Current best reward:  -0.9905374036791114
Current best result:  (1513.81, 6771.83)
Batch iteration: 4
Current best reward:  -0.9905374036791114
Current best result:  (1513.81, 6771.83)
Batch iteration: 5
Current best reward:  -0.9905374036791114
Current best result:  (1513.81, 6771.83)
Batch iteration: 6
Current best reward:  -0.9747054591983076
Current best result:  (1438.68, 6899.51)
Batch iteration: 7
Current best reward:  -0.9747054591983076
Current best result:  (1438.68, 6899.51)
Batch iteration: 8
Current best reward:  -0.9747054591983076
Current best result:  (1438.68, 6899.51)
Batch iteration: 9
Current best reward:  -0.9747054591983076
Current best result:  (1438.68, 6899.51)
Batch iteration: 10
Current best reward:  -0.9747054591983076
Current best result:  (1438.68, 6899.51)
Batch iteration: 11
Current best reward:  -0.9747054591983076
Current best result:  (1438.68, 6899.51)
Batch iteration: 12
Current best reward:  -0.9747054591983076
Current best result:  (1438.68, 6899.51)
Batch iteration: 13
Current best reward:  -0.9747054591983076
Current best result:  (1438.68, 6899.51)
Batch iteration: 14
Current best reward:  -0.9747054591983076
Current best result:  (1438.68, 6899.51)
Batch iteration: 15
Current best reward:  -0.9747054591983076
Current best result:  (1438.68, 6899.51)
Batch iteration: 16
Current best reward:  -0.9747054591983076
Current best result:  (1438.68, 6899.51)
Batch iteration: 17
Current best reward:  -0.9747054591983076
Current best result:  (1438.68, 6899.51)
Batch iteration: 18
Current best reward:  -0.9747054591983076
Current best result:  (1438.68, 6899.51)
Batch iteration: 19
Current best reward:  -0.9747054591983076
Current best result:  (1438.68, 6899.51)
Batch iteration: 20
Current best reward:  -0.9747054591983076
Current best result:  (1438.68, 6899.51)
Batch iteration: 21
Current best reward:  -0.9747054591983076
Current best result:  (1438.68, 6899.51)
Batch iteration: 22
Current best reward:  -0.9747054591983076
Current best result:  (1438.68, 6899.51)
Batch iteration: 23
Current best reward:  -0.9747054591983076
Current best result:  (1438.68, 6899.51)
Batch iteration: 24
Current best reward:  -0.9747054591983076
Current best result:  (1438.68, 6899.51)
Batch iteration: 25
Current best reward:  -0.9747054591983076
Current best result:  (1438.68, 6899.51)
Batch iteration: 26
Current best reward:  -0.9747054591983076
Current best result:  (1438.68, 6899.51)
Batch iteration: 27
Current best reward:  -0.9747054591983076
Current best result:  (1438.68, 6899.51)
Batch iteration: 28
Current best reward:  -0.9747054591983076
Current best result:  (1438.68, 6899.51)
Batch iteration: 29
Current best reward:  -0.9747054591983076
Current best result:  (1438.68, 6899.51)
Batch iteration: 30
Current best reward:  -0.9747054591983076
Current best result:  (1438.68, 6899.51)
Batch iteration: 31
Current best reward:  -0.9747054591983076
Current best result:  (1438.68, 6899.51)
Batch iteration: 32
Current best reward:  -0.9747054591983076
Current best result:  (1438.68, 6899.51)
Batch iteration: 33
Current best reward:  -0.9747054591983076
Current best result:  (1438.68, 6899.51)
Batch iteration: 34
Current best reward:  -0.9747054591983076
Current best result:  (1438.68, 6899.51)
Batch iteration: 35
Current best reward:  -0.9747054591983076
Current best result:  (1438.68, 6899.51)
Batch iteration: 36
Current best reward:  -0.9747054591983076
Current best result:  (1438.68, 6899.51)
Batch iteration: 37
Current best reward:  -0.9747054591983076
Current best result:  (1438.68, 6899.51)
Batch iteration: 38
Current best reward:  -0.9747054591983076
Current best result:  (1438.68, 6899.51)
Batch iteration: 39
Current best reward:  -0.9747054591983076
Current best result:  (1438.68, 6899.51)
Batch iteration: 40
Current best reward:  -0.9747054591983076
Current best result:  (1438.68, 6899.51)
Batch iteration: 41
Current best reward:  -0.9747054591983076
Current best result:  (1438.68, 6899.51)
Batch iteration: 42
Current best reward:  -0.9747054591983076
Current best result:  (1438.68, 6899.51)
Batch iteration: 43
Current best reward:  -0.9747054591983076
Current best result:  (1438.68, 6899.51)
Batch iteration: 44
Current best reward:  -0.9747054591983076
Current best result:  (1438.68, 6899.51)
Batch iteration: 45
Current best reward:  -0.9747054591983076
Current best result:  (1438.68, 6899.51)
Batch iteration: 46
Current best reward:  -0.9747054591983076
Current best result:  (1438.68, 6899.51)
Batch iteration: 47
Current best reward:  -0.9747054591983076
Current best result:  (1438.68, 6899.51)
Batch iteration: 48
Current best reward:  -0.9747054591983076
Current best result:  (1438.68, 6899.51)
Batch iteration: 49
Current best reward:  -0.9747054591983076
Current best result:  (1438.68, 6899.51)
Batch iteration: 50
Current best reward:  -0.9747054591983076
Current best result:  (1438.68, 6899.51)
Batch iteration: 51
Current best reward:  -0.9747054591983076
Current best result:  (1438.68, 6899.51)
Batch iteration: 52
Current best reward:  -0.9747054591983076
Current best result:  (1438.68, 6899.51)
Batch iteration: 53
Current best reward:  -0.9747054591983076
Current best result:  (1438.68, 6899.51)
Batch iteration: 54
Current best reward:  -0.9747054591983076
Current best result:  (1438.68, 6899.51)
Batch iteration: 55
Current best reward:  -0.9747054591983076
Current best result:  (1438.68, 6899.51)
Batch iteration: 56
Current best reward:  -0.9747054591983076
Current best result:  (1438.68, 6899.51)
Batch iteration: 57
Current best reward:  -0.9747054591983076
Current best result:  (1438.68, 6899.51)
Batch iteration: 58
Current best reward:  -0.9747054591983076
Current best result:  (1438.68, 6899.51)
Batch iteration: 59
Current best reward:  -0.9747054591983076
Current best result:  (1438.68, 6899.51)
Batch iteration: 60
Current best reward:  -0.9747054591983076
Current best result:  (1438.68, 6899.51)
Batch iteration: 61
Current best reward:  -0.9747054591983076
Current best result:  (1438.68, 6899.51)
Batch iteration: 62
Current best reward:  -0.9747054591983076
Current best result:  (1438.68, 6899.51)
Batch iteration: 63
Current best reward:  -0.9747054591983076
Current best result:  (1438.68, 6899.51)
Batch iteration: 64
Current best reward:  -0.9747054591983076
Current best result:  (1438.68, 6899.51)
Batch iteration: 65
Current best reward:  -0.9747054591983076
Current best result:  (1438.68, 6899.51)
Batch iteration: 66
Current best reward:  -0.9747054591983076
Current best result:  (1438.68, 6899.51)
Batch iteration: 67
Current best reward:  -0.9747054591983076
Current best result:  (1438.68, 6899.51)
Batch iteration: 68
Current best reward:  -0.9747054591983076
Current best result:  (1438.68, 6899.51)
Batch iteration: 69
Current best reward:  -0.9747054591983076
Current best result:  (1438.68, 6899.51)
Batch iteration: 70
Current best reward:  -0.9747054591983076
Current best result:  (1438.68, 6899.51)
Batch iteration: 71
Current best reward:  -0.9747054591983076
Current best result:  (1438.68, 6899.51)
Batch iteration: 72
Current best reward:  -0.9747054591983076
Current best result:  (1438.68, 6899.51)
Batch iteration: 73
Current best reward:  -0.9747054591983076
Current best result:  (1438.68, 6899.51)
Batch iteration: 74
Current best reward:  -0.9747054591983076
Current best result:  (1438.68, 6899.51)
Batch iteration: 75
Current best reward:  -0.9747054591983076
Current best result:  (1438.68, 6899.51)
Batch iteration: 76
Current best reward:  -0.9747054591983076
Current best result:  (1438.68, 6899.51)
Batch iteration: 77
Current best reward:  -0.9747054591983076
Current best result:  (1438.68, 6899.51)
Batch iteration: 78
Current best reward:  -0.9747054591983076
Current best result:  (1438.68, 6899.51)
Batch iteration: 79
Current best reward:  -0.9747054591983076
Current best result:  (1438.68, 6899.51)
Batch iteration: 80
Current best reward:  -0.9747054591983076
Current best result:  (1438.68, 6899.51)
Batch iteration: 81
Current best reward:  -0.9747054591983076
Current best result:  (1438.68, 6899.51)
Batch iteration: 82
Current best reward:  -0.9747054591983076
Current best result:  (1438.68, 6899.51)
Batch iteration: 83
Current best reward:  -0.9747054591983076
Current best result:  (1438.68, 6899.51)
Batch iteration: 84
Current best reward:  -0.9747054591983076
Current best result:  (1438.68, 6899.51)
Batch iteration: 85
Current best reward:  -0.9747054591983076
Current best result:  (1438.68, 6899.51)
Batch iteration: 86
Current best reward:  -0.9747054591983076
Current best result:  (1438.68, 6899.51)
Batch iteration: 87
Current best reward:  -0.9747054591983076
Current best result:  (1438.68, 6899.51)
Batch iteration: 88
Current best reward:  -0.9747054591983076
Current best result:  (1438.68, 6899.51)
Batch iteration: 89
Current best reward:  -0.9747054591983076
Current best result:  (1438.68, 6899.51)
Batch iteration: 90
Current best reward:  -0.9747054591983076
Current best result:  (1438.68, 6899.51)
Batch iteration: 91
Current best reward:  -0.9747054591983076
Current best result:  (1438.68, 6899.51)
Batch iteration: 92
Current best reward:  -0.9747054591983076
Current best result:  (1438.68, 6899.51)
Batch iteration: 93
Current best reward:  -0.9747054591983076
Current best result:  (1438.68, 6899.51)
Batch iteration: 94
Current best reward:  -0.967687930159902
Current best result:  (1402.04, 6978.24)
Batch iteration: 95
Current best reward:  -0.967687930159902
Current best result:  (1402.04, 6978.24)
Batch iteration: 96
Current best reward:  -0.967687930159902
Current best result:  (1402.04, 6978.24)
Batch iteration: 97
Current best reward:  -0.967687930159902
Current best result:  (1402.04, 6978.24)
Batch iteration: 98
Current best reward:  -0.967687930159902
Current best result:  (1402.04, 6978.24)
Batch iteration: 99
Current best reward:  -0.967687930159902
Current best result:  (1402.04, 6978.24)
Best Delay: 1402.04
Best Area: 6978.24
Best Reward: -0.967687930159902
Total time: 488.1334283351898
  1: success, best reward: -0.9597, delay: 1373.99, area: 7003.78, cells count: 53
  2: success, best reward: -0.9571, delay: 1361.99, area: 7027.45, cells count: 54
  3: success, best reward: -0.9567, delay: 1354.73, area: 7059.11, cells count: 53
  4: success, best reward: -0.9550, delay: 1371.26, area: 6948.72, cells count: 54
  5: success, best reward: -0.9498, delay: 1349.79, area: 6983.56, cells count: 53
  6: success, best reward: -0.9480, delay: 1339.53, area: 7009.9, cells count: 54
  7: fail, round best reward: -0.9480, delay: 1339.53, area: 7009.9, cells count: 53
  8: success, best reward: -0.9473, delay: 1336.58, area: 7014.15, cells count: 54
  9: fail, round best reward: -0.9473, delay: 1336.58, area: 7014.15, cells count: 53
 10: fail, round best reward: -0.9473, delay: 1336.58, area: 7014.15, cells count: 54
Best Reward: -0.9472555857023529
Best Delay: 1336.58
Best Area: 7014.15
Best Cells Count: 54
Total time: 725.0354058742523
