select 35 cells from 82 cells
keep 12 cells
Baseline Delay: 441.04
Baseline Area: 493.96
Batch iteration: 0
Current best reward:  -0.9485350408463489
Current best result:  (383.79, 510.72)
Batch iteration: 1
Current best reward:  -0.9485350408463489
Current best result:  (383.79, 510.72)
Batch iteration: 2
Current best reward:  -0.9485350408463489
Current best result:  (383.79, 510.72)
Batch iteration: 3
Current best reward:  -0.9485350408463489
Current best result:  (383.79, 510.72)
Batch iteration: 4
Current best reward:  -0.9485350408463489
Current best result:  (383.79, 510.72)
Batch iteration: 5
Current best reward:  -0.9485350408463489
Current best result:  (383.79, 510.72)
Batch iteration: 6
Current best reward:  -0.9485350408463489
Current best result:  (383.79, 510.72)
Batch iteration: 7
Current best reward:  -0.9185398542813318
Current best result:  (367.36, 500.35)
Batch iteration: 8
Current best reward:  -0.9185398542813318
Current best result:  (367.36, 500.35)
Batch iteration: 9
Current best reward:  -0.9185398542813318
Current best result:  (367.36, 500.35)
Batch iteration: 10
Current best reward:  -0.9185398542813318
Current best result:  (367.36, 500.35)
Batch iteration: 11
Current best reward:  -0.9185398542813318
Current best result:  (367.36, 500.35)
Batch iteration: 12
Current best reward:  -0.9050809036719518
Current best result:  (361.09, 494.23)
Batch iteration: 13
Current best reward:  -0.9050809036719518
Current best result:  (361.09, 494.23)
Batch iteration: 14
Current best reward:  -0.9050809036719518
Current best result:  (361.09, 494.23)
Batch iteration: 15
Current best reward:  -0.9050809036719518
Current best result:  (361.09, 494.23)
Batch iteration: 16
Current best reward:  -0.9050809036719518
Current best result:  (361.09, 494.23)
Batch iteration: 17
Current best reward:  -0.9050809036719518
Current best result:  (361.09, 494.23)
Batch iteration: 18
Current best reward:  -0.9050809036719518
Current best result:  (361.09, 494.23)
Batch iteration: 19
Current best reward:  -0.9050809036719518
Current best result:  (361.09, 494.23)
Batch iteration: 20
Current best reward:  -0.9050809036719518
Current best result:  (361.09, 494.23)
Batch iteration: 21
Current best reward:  -0.9050809036719518
Current best result:  (361.09, 494.23)
Batch iteration: 22
Current best reward:  -0.9050809036719518
Current best result:  (361.09, 494.23)
Batch iteration: 23
Current best reward:  -0.9050809036719518
Current best result:  (361.09, 494.23)
Batch iteration: 24
Current best reward:  -0.9050809036719518
Current best result:  (361.09, 494.23)
Batch iteration: 25
Current best reward:  -0.9050809036719518
Current best result:  (361.09, 494.23)
Batch iteration: 26
Current best reward:  -0.9050809036719518
Current best result:  (361.09, 494.23)
Batch iteration: 27
Current best reward:  -0.9050809036719518
Current best result:  (361.09, 494.23)
Batch iteration: 28
Current best reward:  -0.9050809036719518
Current best result:  (361.09, 494.23)
Batch iteration: 29
Current best reward:  -0.9050809036719518
Current best result:  (361.09, 494.23)
Batch iteration: 30
Current best reward:  -0.9050809036719518
Current best result:  (361.09, 494.23)
Batch iteration: 31
Current best reward:  -0.9050809036719518
Current best result:  (361.09, 494.23)
Batch iteration: 32
Current best reward:  -0.9050809036719518
Current best result:  (361.09, 494.23)
Batch iteration: 33
Current best reward:  -0.9050809036719518
Current best result:  (361.09, 494.23)
Batch iteration: 34
Current best reward:  -0.9050809036719518
Current best result:  (361.09, 494.23)
Batch iteration: 35
Current best reward:  -0.9050809036719518
Current best result:  (361.09, 494.23)
Batch iteration: 36
Current best reward:  -0.9050809036719518
Current best result:  (361.09, 494.23)
Batch iteration: 37
Current best reward:  -0.9050809036719518
Current best result:  (361.09, 494.23)
Batch iteration: 38
Current best reward:  -0.9050809036719518
Current best result:  (361.09, 494.23)
Batch iteration: 39
Current best reward:  -0.9050809036719518
Current best result:  (361.09, 494.23)
Batch iteration: 40
Current best reward:  -0.8787239536642493
Current best result:  (367.25, 458.05)
Batch iteration: 41
Current best reward:  -0.8787239536642493
Current best result:  (367.25, 458.05)
Batch iteration: 42
Current best reward:  -0.8787239536642493
Current best result:  (367.25, 458.05)
Batch iteration: 43
Current best reward:  -0.8787239536642493
Current best result:  (367.25, 458.05)
Batch iteration: 44
Current best reward:  -0.8787239536642493
Current best result:  (367.25, 458.05)
Batch iteration: 45
Current best reward:  -0.8787239536642493
Current best result:  (367.25, 458.05)
Batch iteration: 46
Current best reward:  -0.8787239536642493
Current best result:  (367.25, 458.05)
Batch iteration: 47
Current best reward:  -0.8787239536642493
Current best result:  (367.25, 458.05)
Batch iteration: 48
Current best reward:  -0.8787239536642493
Current best result:  (367.25, 458.05)
Batch iteration: 49
Current best reward:  -0.8787239536642493
Current best result:  (367.25, 458.05)
Batch iteration: 50
Current best reward:  -0.8787239536642493
Current best result:  (367.25, 458.05)
Batch iteration: 51
Current best reward:  -0.8787239536642493
Current best result:  (367.25, 458.05)
Batch iteration: 52
Current best reward:  -0.8787239536642493
Current best result:  (367.25, 458.05)
Batch iteration: 53
Current best reward:  -0.8787239536642493
Current best result:  (367.25, 458.05)
Batch iteration: 54
Current best reward:  -0.8787239536642493
Current best result:  (367.25, 458.05)
Batch iteration: 55
Current best reward:  -0.8787239536642493
Current best result:  (367.25, 458.05)
Batch iteration: 56
Current best reward:  -0.8787239536642493
Current best result:  (367.25, 458.05)
Batch iteration: 57
Current best reward:  -0.8787239536642493
Current best result:  (367.25, 458.05)
Batch iteration: 58
Current best reward:  -0.8787239536642493
Current best result:  (367.25, 458.05)
Batch iteration: 59
Current best reward:  -0.8787239536642493
Current best result:  (367.25, 458.05)
Batch iteration: 60
Current best reward:  -0.8787239536642493
Current best result:  (367.25, 458.05)
Batch iteration: 61
Current best reward:  -0.8787239536642493
Current best result:  (367.25, 458.05)
Batch iteration: 62
Current best reward:  -0.8787239536642493
Current best result:  (367.25, 458.05)
Batch iteration: 63
Current best reward:  -0.8787239536642493
Current best result:  (367.25, 458.05)
Batch iteration: 64
Current best reward:  -0.8787239536642493
Current best result:  (367.25, 458.05)
Batch iteration: 65
Current best reward:  -0.8787239536642493
Current best result:  (367.25, 458.05)
Batch iteration: 66
Current best reward:  -0.8787239536642493
Current best result:  (367.25, 458.05)
Batch iteration: 67
Current best reward:  -0.8787239536642493
Current best result:  (367.25, 458.05)
Batch iteration: 68
Current best reward:  -0.8787239536642493
Current best result:  (367.25, 458.05)
Batch iteration: 69
Current best reward:  -0.8787239536642493
Current best result:  (367.25, 458.05)
Batch iteration: 70
Current best reward:  -0.8787239536642493
Current best result:  (367.25, 458.05)
Batch iteration: 71
Current best reward:  -0.8787239536642493
Current best result:  (367.25, 458.05)
Batch iteration: 72
Current best reward:  -0.8787239536642493
Current best result:  (367.25, 458.05)
Batch iteration: 73
Current best reward:  -0.8787239536642493
Current best result:  (367.25, 458.05)
Batch iteration: 74
Current best reward:  -0.8787239536642493
Current best result:  (367.25, 458.05)
Batch iteration: 75
Current best reward:  -0.8787239536642493
Current best result:  (367.25, 458.05)
Batch iteration: 76
Current best reward:  -0.8787239536642493
Current best result:  (367.25, 458.05)
Batch iteration: 77
Current best reward:  -0.8787239536642493
Current best result:  (367.25, 458.05)
Batch iteration: 78
Current best reward:  -0.8787239536642493
Current best result:  (367.25, 458.05)
Batch iteration: 79
Current best reward:  -0.8787239536642493
Current best result:  (367.25, 458.05)
Batch iteration: 80
Current best reward:  -0.8787239536642493
Current best result:  (367.25, 458.05)
Batch iteration: 81
Current best reward:  -0.8787239536642493
Current best result:  (367.25, 458.05)
Batch iteration: 82
Current best reward:  -0.8787239536642493
Current best result:  (367.25, 458.05)
Batch iteration: 83
Current best reward:  -0.8787239536642493
Current best result:  (367.25, 458.05)
Batch iteration: 84
Current best reward:  -0.8787239536642493
Current best result:  (367.25, 458.05)
Batch iteration: 85
Current best reward:  -0.8787239536642493
Current best result:  (367.25, 458.05)
Batch iteration: 86
Current best reward:  -0.8787239536642493
Current best result:  (367.25, 458.05)
Batch iteration: 87
Current best reward:  -0.8787239536642493
Current best result:  (367.25, 458.05)
Batch iteration: 88
Current best reward:  -0.8787239536642493
Current best result:  (367.25, 458.05)
Batch iteration: 89
Current best reward:  -0.8787239536642493
Current best result:  (367.25, 458.05)
Batch iteration: 90
Current best reward:  -0.8787239536642493
Current best result:  (367.25, 458.05)
Batch iteration: 91
Current best reward:  -0.8787239536642493
Current best result:  (367.25, 458.05)
Batch iteration: 92
Current best reward:  -0.8787239536642493
Current best result:  (367.25, 458.05)
Batch iteration: 93
Current best reward:  -0.8787239536642493
Current best result:  (367.25, 458.05)
Batch iteration: 94
Current best reward:  -0.8787239536642493
Current best result:  (367.25, 458.05)
Batch iteration: 95
Current best reward:  -0.8787239536642493
Current best result:  (367.25, 458.05)
Batch iteration: 96
Current best reward:  -0.8787239536642493
Current best result:  (367.25, 458.05)
Batch iteration: 97
Current best reward:  -0.8787239536642493
Current best result:  (367.25, 458.05)
Batch iteration: 98
Current best reward:  -0.8787239536642493
Current best result:  (367.25, 458.05)
Batch iteration: 99
Current best reward:  -0.8787239536642493
Current best result:  (367.25, 458.05)
Best Delay: 367.25
Best Area: 458.05
Best Reward: -0.8787239536642493
Total time: 112.97671818733215
  1: fail, round best reward: -0.8787, delay: 367.25, area: 458.05, cells count: 34
  2: success, best reward: -0.8715, delay: 364.44, area: 454.06, cells count: 35
  3: success, best reward: -0.8712, delay: 365.66, area: 452.2, cells count: 34
  4: success, best reward: -0.8694, delay: 365.83, area: 450.07, cells count: 35
  5: fail, round best reward: -0.8694, delay: 365.83, area: 450.07, cells count: 34
  6: fail, round best reward: -0.8694, delay: 365.83, area: 450.07, cells count: 35
Best Reward: -0.8693503044161831
Best Delay: 365.83
Best Area: 450.07
Best Cells Count: 35
Total time: 132.97379660606384
