select 54 cells from 82 cells
keep 12 cells
Baseline Delay: 441.04
Baseline Area: 493.96
Batch iteration: 0
Current best reward:  -0.9626917908272263
Current best result:  (440.53, 458.32)
Batch iteration: 1
Current best reward:  -0.9626917908272263
Current best result:  (440.53, 458.32)
Batch iteration: 2
Current best reward:  -0.8862500973818875
Current best result:  (366.33, 467.1)
Batch iteration: 3
Current best reward:  -0.8862500973818875
Current best result:  (366.33, 467.1)
Batch iteration: 4
Current best reward:  -0.8862500973818875
Current best result:  (366.33, 467.1)
Batch iteration: 5
Current best reward:  -0.8862500973818875
Current best result:  (366.33, 467.1)
Batch iteration: 6
Current best reward:  -0.8862500973818875
Current best result:  (366.33, 467.1)
Batch iteration: 7
Current best reward:  -0.8862500973818875
Current best result:  (366.33, 467.1)
Batch iteration: 8
Current best reward:  -0.8862500973818875
Current best result:  (366.33, 467.1)
Batch iteration: 9
Current best reward:  -0.8862500973818875
Current best result:  (366.33, 467.1)
Batch iteration: 10
Current best reward:  -0.8862500973818875
Current best result:  (366.33, 467.1)
Batch iteration: 11
Current best reward:  -0.8862500973818875
Current best result:  (366.33, 467.1)
Batch iteration: 12
Current best reward:  -0.8862500973818875
Current best result:  (366.33, 467.1)
Batch iteration: 13
Current best reward:  -0.8862500973818875
Current best result:  (366.33, 467.1)
Batch iteration: 14
Current best reward:  -0.8862500973818875
Current best result:  (366.33, 467.1)
Batch iteration: 15
Current best reward:  -0.8862500973818875
Current best result:  (366.33, 467.1)
Batch iteration: 16
Current best reward:  -0.8862500973818875
Current best result:  (366.33, 467.1)
Batch iteration: 17
Current best reward:  -0.8862500973818875
Current best result:  (366.33, 467.1)
Batch iteration: 18
Current best reward:  -0.8862500973818875
Current best result:  (366.33, 467.1)
Batch iteration: 19
Current best reward:  -0.8862500973818875
Current best result:  (366.33, 467.1)
Batch iteration: 20
Current best reward:  -0.8862500973818875
Current best result:  (366.33, 467.1)
Batch iteration: 21
Current best reward:  -0.8862500973818875
Current best result:  (366.33, 467.1)
Batch iteration: 22
Current best reward:  -0.8862500973818875
Current best result:  (366.33, 467.1)
Batch iteration: 23
Current best reward:  -0.8862500973818875
Current best result:  (366.33, 467.1)
Batch iteration: 24
Current best reward:  -0.8862500973818875
Current best result:  (366.33, 467.1)
Batch iteration: 25
Current best reward:  -0.8862500973818875
Current best result:  (366.33, 467.1)
Batch iteration: 26
Current best reward:  -0.8862500973818875
Current best result:  (366.33, 467.1)
Batch iteration: 27
Current best reward:  -0.8862500973818875
Current best result:  (366.33, 467.1)
Batch iteration: 28
Current best reward:  -0.8862500973818875
Current best result:  (366.33, 467.1)
Batch iteration: 29
Current best reward:  -0.8862500973818875
Current best result:  (366.33, 467.1)
Batch iteration: 30
Current best reward:  -0.8862500973818875
Current best result:  (366.33, 467.1)
Batch iteration: 31
Current best reward:  -0.8862500973818875
Current best result:  (366.33, 467.1)
Batch iteration: 32
Current best reward:  -0.8862500973818875
Current best result:  (366.33, 467.1)
Batch iteration: 33
Current best reward:  -0.8862500973818875
Current best result:  (366.33, 467.1)
Batch iteration: 34
Current best reward:  -0.8862500973818875
Current best result:  (366.33, 467.1)
Batch iteration: 35
Current best reward:  -0.8862500973818875
Current best result:  (366.33, 467.1)
Batch iteration: 36
Current best reward:  -0.8862500973818875
Current best result:  (366.33, 467.1)
Batch iteration: 37
Current best reward:  -0.8862500973818875
Current best result:  (366.33, 467.1)
Batch iteration: 38
Current best reward:  -0.8862500973818875
Current best result:  (366.33, 467.1)
Batch iteration: 39
Current best reward:  -0.8862500973818875
Current best result:  (366.33, 467.1)
Batch iteration: 40
Current best reward:  -0.8862500973818875
Current best result:  (366.33, 467.1)
Batch iteration: 41
Current best reward:  -0.8862500973818875
Current best result:  (366.33, 467.1)
Batch iteration: 42
Current best reward:  -0.8862500973818875
Current best result:  (366.33, 467.1)
Batch iteration: 43
Current best reward:  -0.8862500973818875
Current best result:  (366.33, 467.1)
Batch iteration: 44
Current best reward:  -0.8862500973818875
Current best result:  (366.33, 467.1)
Batch iteration: 45
Current best reward:  -0.8862500973818875
Current best result:  (366.33, 467.1)
Batch iteration: 46
Current best reward:  -0.8862500973818875
Current best result:  (366.33, 467.1)
Batch iteration: 47
Current best reward:  -0.8862500973818875
Current best result:  (366.33, 467.1)
Batch iteration: 48
Current best reward:  -0.8862500973818875
Current best result:  (366.33, 467.1)
Batch iteration: 49
Current best reward:  -0.8862500973818875
Current best result:  (366.33, 467.1)
Batch iteration: 50
Current best reward:  -0.8862500973818875
Current best result:  (366.33, 467.1)
Batch iteration: 51
Current best reward:  -0.8862500973818875
Current best result:  (366.33, 467.1)
Batch iteration: 52
Current best reward:  -0.8862500973818875
Current best result:  (366.33, 467.1)
Batch iteration: 53
Current best reward:  -0.8862500973818875
Current best result:  (366.33, 467.1)
Batch iteration: 54
Current best reward:  -0.8862500973818875
Current best result:  (366.33, 467.1)
Batch iteration: 55
Current best reward:  -0.8862500973818875
Current best result:  (366.33, 467.1)
Batch iteration: 56
Current best reward:  -0.8862500973818875
Current best result:  (366.33, 467.1)
Batch iteration: 57
Current best reward:  -0.8862500973818875
Current best result:  (366.33, 467.1)
Batch iteration: 58
Current best reward:  -0.8862500973818875
Current best result:  (366.33, 467.1)
Batch iteration: 59
Current best reward:  -0.8862500973818875
Current best result:  (366.33, 467.1)
Batch iteration: 60
Current best reward:  -0.8862500973818875
Current best result:  (366.33, 467.1)
Batch iteration: 61
Current best reward:  -0.8862500973818875
Current best result:  (366.33, 467.1)
Batch iteration: 62
Current best reward:  -0.8862500973818875
Current best result:  (366.33, 467.1)
Batch iteration: 63
Current best reward:  -0.8862500973818875
Current best result:  (366.33, 467.1)
Batch iteration: 64
Current best reward:  -0.8862500973818875
Current best result:  (366.33, 467.1)
Batch iteration: 65
Current best reward:  -0.8862500973818875
Current best result:  (366.33, 467.1)
Batch iteration: 66
Current best reward:  -0.8862500973818875
Current best result:  (366.33, 467.1)
Batch iteration: 67
Current best reward:  -0.8862500973818875
Current best result:  (366.33, 467.1)
Batch iteration: 68
Current best reward:  -0.8862500973818875
Current best result:  (366.33, 467.1)
Batch iteration: 69
Current best reward:  -0.8862500973818875
Current best result:  (366.33, 467.1)
Batch iteration: 70
Current best reward:  -0.8862500973818875
Current best result:  (366.33, 467.1)
Batch iteration: 71
Current best reward:  -0.8862500973818875
Current best result:  (366.33, 467.1)
Batch iteration: 72
Current best reward:  -0.8862500973818875
Current best result:  (366.33, 467.1)
Batch iteration: 73
Current best reward:  -0.8862500973818875
Current best result:  (366.33, 467.1)
Batch iteration: 74
Current best reward:  -0.8862500973818875
Current best result:  (366.33, 467.1)
Batch iteration: 75
Current best reward:  -0.8862500973818875
Current best result:  (366.33, 467.1)
Batch iteration: 76
Current best reward:  -0.8862500973818875
Current best result:  (366.33, 467.1)
Batch iteration: 77
Current best reward:  -0.8862500973818875
Current best result:  (366.33, 467.1)
Batch iteration: 78
Current best reward:  -0.8862500973818875
Current best result:  (366.33, 467.1)
Batch iteration: 79
Current best reward:  -0.8862500973818875
Current best result:  (366.33, 467.1)
Batch iteration: 80
Current best reward:  -0.8862500973818875
Current best result:  (366.33, 467.1)
Batch iteration: 81
Current best reward:  -0.8862500973818875
Current best result:  (366.33, 467.1)
Batch iteration: 82
Current best reward:  -0.8862500973818875
Current best result:  (366.33, 467.1)
Batch iteration: 83
Current best reward:  -0.8862500973818875
Current best result:  (366.33, 467.1)
Batch iteration: 84
Current best reward:  -0.8726437910806986
Current best result:  (359.47, 461.51)
Batch iteration: 85
Current best reward:  -0.8726437910806986
Current best result:  (359.47, 461.51)
Batch iteration: 86
Current best reward:  -0.8726437910806986
Current best result:  (359.47, 461.51)
Batch iteration: 87
Current best reward:  -0.8726437910806986
Current best result:  (359.47, 461.51)
Batch iteration: 88
Current best reward:  -0.8726437910806986
Current best result:  (359.47, 461.51)
Batch iteration: 89
Current best reward:  -0.8726437910806986
Current best result:  (359.47, 461.51)
Batch iteration: 90
Current best reward:  -0.8726437910806986
Current best result:  (359.47, 461.51)
Batch iteration: 91
Current best reward:  -0.8726437910806986
Current best result:  (359.47, 461.51)
Batch iteration: 92
Current best reward:  -0.8726437910806986
Current best result:  (359.47, 461.51)
Batch iteration: 93
Current best reward:  -0.8726437910806986
Current best result:  (359.47, 461.51)
Batch iteration: 94
Current best reward:  -0.8726437910806986
Current best result:  (359.47, 461.51)
Batch iteration: 95
Current best reward:  -0.8726437910806986
Current best result:  (359.47, 461.51)
Batch iteration: 96
Current best reward:  -0.8726437910806986
Current best result:  (359.47, 461.51)
Batch iteration: 97
Current best reward:  -0.8726437910806986
Current best result:  (359.47, 461.51)
Batch iteration: 98
Current best reward:  -0.8726437910806986
Current best result:  (359.47, 461.51)
Batch iteration: 99
Current best reward:  -0.8726437910806986
Current best result:  (359.47, 461.51)
Best Delay: 359.47
Best Area: 461.51
Best Reward: -0.8726437910806986
Total time: 111.19865918159485
  1: success, best reward: -0.8692, delay: 355.85, area: 462.57, cells count: 53
  2: success, best reward: -0.8671, delay: 359.29, area: 455.92, cells count: 54
  3: success, best reward: -0.8664, delay: 354.78, area: 460.98, cells count: 53
  4: success, best reward: -0.8651, delay: 353.51, area: 461.24, cells count: 52
  5: success, best reward: -0.8602, delay: 349.11, area: 461.78, cells count: 53
  6: success, best reward: -0.8600, delay: 348.12, area: 462.84, cells count: 52
  7: success, best reward: -0.8584, delay: 350.25, area: 458.32, cells count: 51
  8: fail, round best reward: -0.8584, delay: 350.25, area: 458.32, cells count: 52
  9: fail, round best reward: -0.8584, delay: 350.25, area: 458.32, cells count: 51
Best Reward: -0.8583977999741299
Best Delay: 350.25
Best Area: 458.32
Best Cells Count: 51
Total time: 149.6730215549469
