select 54 cells from 82 cells
keep 12 cells
Baseline Delay: 703.66
Baseline Area: 1920.52
Batch iteration: 0
Current best reward:  -0.9812279211082993
Current best result:  (639.66, 2034.1)
Batch iteration: 1
Current best reward:  -0.9812279211082993
Current best result:  (639.66, 2034.1)
Batch iteration: 2
Current best reward:  -0.9766785755090754
Current best result:  (617.04, 2089.16)
Batch iteration: 3
Current best reward:  -0.9766785755090754
Current best result:  (617.04, 2089.16)
Batch iteration: 4
Current best reward:  -0.9766785755090754
Current best result:  (617.04, 2089.16)
Batch iteration: 5
Current best reward:  -0.9766785755090754
Current best result:  (617.04, 2089.16)
Batch iteration: 6
Current best reward:  -0.9766785755090754
Current best result:  (617.04, 2089.16)
Batch iteration: 7
Current best reward:  -0.9766785755090754
Current best result:  (617.04, 2089.16)
Batch iteration: 8
Current best reward:  -0.9766785755090754
Current best result:  (617.04, 2089.16)
Batch iteration: 9
Current best reward:  -0.9766785755090754
Current best result:  (617.04, 2089.16)
Batch iteration: 10
Current best reward:  -0.9766785755090754
Current best result:  (617.04, 2089.16)
Batch iteration: 11
Current best reward:  -0.9766785755090754
Current best result:  (617.04, 2089.16)
Batch iteration: 12
Current best reward:  -0.9766785755090754
Current best result:  (617.04, 2089.16)
Batch iteration: 13
Current best reward:  -0.9766785755090754
Current best result:  (617.04, 2089.16)
Batch iteration: 14
Current best reward:  -0.9766785755090754
Current best result:  (617.04, 2089.16)
Batch iteration: 15
Current best reward:  -0.9459931650648835
Current best result:  (595.87, 2029.58)
Batch iteration: 16
Current best reward:  -0.9459931650648835
Current best result:  (595.87, 2029.58)
Batch iteration: 17
Current best reward:  -0.9459931650648835
Current best result:  (595.87, 2029.58)
Batch iteration: 18
Current best reward:  -0.9459931650648835
Current best result:  (595.87, 2029.58)
Batch iteration: 19
Current best reward:  -0.9459931650648835
Current best result:  (595.87, 2029.58)
Batch iteration: 20
Current best reward:  -0.9459931650648835
Current best result:  (595.87, 2029.58)
Batch iteration: 21
Current best reward:  -0.9459931650648835
Current best result:  (595.87, 2029.58)
Batch iteration: 22
Current best reward:  -0.9459931650648835
Current best result:  (595.87, 2029.58)
Batch iteration: 23
Current best reward:  -0.9459931650648835
Current best result:  (595.87, 2029.58)
Batch iteration: 24
Current best reward:  -0.9459931650648835
Current best result:  (595.87, 2029.58)
Batch iteration: 25
Current best reward:  -0.9459931650648835
Current best result:  (595.87, 2029.58)
Batch iteration: 26
Current best reward:  -0.9459931650648835
Current best result:  (595.87, 2029.58)
Batch iteration: 27
Current best reward:  -0.9459931650648835
Current best result:  (595.87, 2029.58)
Batch iteration: 28
Current best reward:  -0.9459931650648835
Current best result:  (595.87, 2029.58)
Batch iteration: 29
Current best reward:  -0.9459931650648835
Current best result:  (595.87, 2029.58)
Batch iteration: 30
Current best reward:  -0.9459931650648835
Current best result:  (595.87, 2029.58)
Batch iteration: 31
Current best reward:  -0.9459931650648835
Current best result:  (595.87, 2029.58)
Batch iteration: 32
Current best reward:  -0.9459931650648835
Current best result:  (595.87, 2029.58)
Batch iteration: 33
Current best reward:  -0.9459931650648835
Current best result:  (595.87, 2029.58)
Batch iteration: 34
Current best reward:  -0.9459931650648835
Current best result:  (595.87, 2029.58)
Batch iteration: 35
Current best reward:  -0.9459931650648835
Current best result:  (595.87, 2029.58)
Batch iteration: 36
Current best reward:  -0.9459931650648835
Current best result:  (595.87, 2029.58)
Batch iteration: 37
Current best reward:  -0.9459931650648835
Current best result:  (595.87, 2029.58)
Batch iteration: 38
Current best reward:  -0.9459931650648835
Current best result:  (595.87, 2029.58)
Batch iteration: 39
Current best reward:  -0.9459931650648835
Current best result:  (595.87, 2029.58)
Batch iteration: 40
Current best reward:  -0.9459931650648835
Current best result:  (595.87, 2029.58)
Batch iteration: 41
Current best reward:  -0.9459931650648835
Current best result:  (595.87, 2029.58)
Batch iteration: 42
Current best reward:  -0.9459931650648835
Current best result:  (595.87, 2029.58)
Batch iteration: 43
Current best reward:  -0.9459931650648835
Current best result:  (595.87, 2029.58)
Batch iteration: 44
Current best reward:  -0.9459931650648835
Current best result:  (595.87, 2029.58)
Batch iteration: 45
Current best reward:  -0.9459931650648835
Current best result:  (595.87, 2029.58)
Batch iteration: 46
Current best reward:  -0.9459931650648835
Current best result:  (595.87, 2029.58)
Batch iteration: 47
Current best reward:  -0.9459931650648835
Current best result:  (595.87, 2029.58)
Batch iteration: 48
Current best reward:  -0.9459931650648835
Current best result:  (595.87, 2029.58)
Batch iteration: 49
Current best reward:  -0.9459931650648835
Current best result:  (595.87, 2029.58)
Batch iteration: 50
Current best reward:  -0.9459931650648835
Current best result:  (595.87, 2029.58)
Batch iteration: 51
Current best reward:  -0.9459931650648835
Current best result:  (595.87, 2029.58)
Batch iteration: 52
Current best reward:  -0.9459931650648835
Current best result:  (595.87, 2029.58)
Batch iteration: 53
Current best reward:  -0.9459931650648835
Current best result:  (595.87, 2029.58)
Batch iteration: 54
Current best reward:  -0.9459931650648835
Current best result:  (595.87, 2029.58)
Batch iteration: 55
Current best reward:  -0.9459931650648835
Current best result:  (595.87, 2029.58)
Batch iteration: 56
Current best reward:  -0.9459931650648835
Current best result:  (595.87, 2029.58)
Batch iteration: 57
Current best reward:  -0.9459931650648835
Current best result:  (595.87, 2029.58)
Batch iteration: 58
Current best reward:  -0.9459931650648835
Current best result:  (595.87, 2029.58)
Batch iteration: 59
Current best reward:  -0.9459931650648835
Current best result:  (595.87, 2029.58)
Batch iteration: 60
Current best reward:  -0.9373026035145604
Current best result:  (606.02, 1959.09)
Batch iteration: 61
Current best reward:  -0.9373026035145604
Current best result:  (606.02, 1959.09)
Batch iteration: 62
Current best reward:  -0.9373026035145604
Current best result:  (606.02, 1959.09)
Batch iteration: 63
Current best reward:  -0.9373026035145604
Current best result:  (606.02, 1959.09)
Batch iteration: 64
Current best reward:  -0.9373026035145604
Current best result:  (606.02, 1959.09)
Batch iteration: 65
Current best reward:  -0.9373026035145604
Current best result:  (606.02, 1959.09)
Batch iteration: 66
Current best reward:  -0.9373026035145604
Current best result:  (606.02, 1959.09)
Batch iteration: 67
Current best reward:  -0.9373026035145604
Current best result:  (606.02, 1959.09)
Batch iteration: 68
Current best reward:  -0.9373026035145604
Current best result:  (606.02, 1959.09)
Batch iteration: 69
Current best reward:  -0.9373026035145604
Current best result:  (606.02, 1959.09)
Batch iteration: 70
Current best reward:  -0.9373026035145604
Current best result:  (606.02, 1959.09)
Batch iteration: 71
Current best reward:  -0.9373026035145604
Current best result:  (606.02, 1959.09)
Batch iteration: 72
Current best reward:  -0.9373026035145604
Current best result:  (606.02, 1959.09)
Batch iteration: 73
Current best reward:  -0.9373026035145604
Current best result:  (606.02, 1959.09)
Batch iteration: 74
Current best reward:  -0.9373026035145604
Current best result:  (606.02, 1959.09)
Batch iteration: 75
Current best reward:  -0.9373026035145604
Current best result:  (606.02, 1959.09)
Batch iteration: 76
Current best reward:  -0.923232624942783
Current best result:  (578.15, 1992.34)
Batch iteration: 77
Current best reward:  -0.923232624942783
Current best result:  (578.15, 1992.34)
Batch iteration: 78
Current best reward:  -0.923232624942783
Current best result:  (578.15, 1992.34)
Batch iteration: 79
Current best reward:  -0.923232624942783
Current best result:  (578.15, 1992.34)
Batch iteration: 80
Current best reward:  -0.923232624942783
Current best result:  (578.15, 1992.34)
Batch iteration: 81
Current best reward:  -0.923232624942783
Current best result:  (578.15, 1992.34)
Batch iteration: 82
Current best reward:  -0.923232624942783
Current best result:  (578.15, 1992.34)
Batch iteration: 83
Current best reward:  -0.923232624942783
Current best result:  (578.15, 1992.34)
Batch iteration: 84
Current best reward:  -0.923232624942783
Current best result:  (578.15, 1992.34)
Batch iteration: 85
Current best reward:  -0.923232624942783
Current best result:  (578.15, 1992.34)
Batch iteration: 86
Current best reward:  -0.923232624942783
Current best result:  (578.15, 1992.34)
Batch iteration: 87
Current best reward:  -0.923232624942783
Current best result:  (578.15, 1992.34)
Batch iteration: 88
Current best reward:  -0.923232624942783
Current best result:  (578.15, 1992.34)
Batch iteration: 89
Current best reward:  -0.923232624942783
Current best result:  (578.15, 1992.34)
Batch iteration: 90
Current best reward:  -0.923232624942783
Current best result:  (578.15, 1992.34)
Batch iteration: 91
Current best reward:  -0.923232624942783
Current best result:  (578.15, 1992.34)
Batch iteration: 92
Current best reward:  -0.923232624942783
Current best result:  (578.15, 1992.34)
Batch iteration: 93
Current best reward:  -0.923232624942783
Current best result:  (578.15, 1992.34)
Batch iteration: 94
Current best reward:  -0.923232624942783
Current best result:  (578.15, 1992.34)
Batch iteration: 95
Current best reward:  -0.923232624942783
Current best result:  (578.15, 1992.34)
Batch iteration: 96
Current best reward:  -0.923232624942783
Current best result:  (578.15, 1992.34)
Batch iteration: 97
Current best reward:  -0.923232624942783
Current best result:  (578.15, 1992.34)
Batch iteration: 98
Current best reward:  -0.923232624942783
Current best result:  (578.15, 1992.34)
Batch iteration: 99
Current best reward:  -0.923232624942783
Current best result:  (578.15, 1992.34)
Best Delay: 578.15
Best Area: 1992.34
Best Reward: -0.923232624942783
Total time: 164.27607703208923
  1: success, best reward: -0.9118, delay: 565.19, area: 1987.82, cells count: 53
  2: success, best reward: -0.9114, delay: 567.39, area: 1978.51, cells count: 54
  3: success, best reward: -0.9105, delay: 564.03, area: 1986.49, cells count: 53
  4: success, best reward: -0.9103, delay: 564.46, area: 1984.09, cells count: 52
  5: success, best reward: -0.9002, delay: 551.34, area: 1986.49, cells count: 53
  6: fail, round best reward: -0.9002, delay: 551.34, area: 1986.49, cells count: 52
  7: fail, round best reward: -0.9002, delay: 551.34, area: 1986.49, cells count: 53
Best Reward: -0.9002478512277368
Best Delay: 551.34
Best Area: 1986.49
Best Cells Count: 53
Total time: 211.8133726119995
