$ for b in benchmarks/{s13207,c2670,b20_1}.bench;do for l in gen_newlibs/*.genlib;do pa3_handin/script/mapping.py 7nm.lib $l $b;done;done
[s13207.bench][7nm_75_1.genlib] Delay: 228.16 ps | Area: 2038.87
[s13207.bench][7nm_75_2.genlib] Delay: nan ps | Area: nan
[s13207.bench][7nm_75_3.genlib] Delay: nan ps | Area: nan
[s13207.bench][7nm_75_4.genlib] Delay: nan ps | Area: nan
[s13207.bench][7nm_75_5.genlib] Delay: nan ps | Area: nan
[s13207.bench][7nm_76_1.genlib] Delay: nan ps | Area: nan
[s13207.bench][7nm_76_2.genlib] Delay: nan ps | Area: nan
[s13207.bench][7nm_76_3.genlib] Delay: 230.33 ps | Area: 2057.3
[s13207.bench][7nm_76_4.genlib] Delay: nan ps | Area: nan
[s13207.bench][7nm_76_5.genlib] Delay: 241.03 ps | Area: 1904.5
[s13207.bench][7nm_77_1.genlib] Delay: 256.99 ps | Area: 2334.67
[s13207.bench][7nm_77_2.genlib] Delay: 502.81 ps | Area: 2059.16
[s13207.bench][7nm_77_3.genlib] Delay: nan ps | Area: nan
[s13207.bench][7nm_77_4.genlib] Delay: nan ps | Area: nan
[s13207.bench][7nm_77_5.genlib] Delay: nan ps | Area: nan
[s13207.bench][7nm_78_1.genlib] Delay: 201.98 ps | Area: 2111.65
[s13207.bench][7nm_78_2.genlib] Delay: nan ps | Area: nan
[s13207.bench][7nm_78_3.genlib] Delay: nan ps | Area: nan
[s13207.bench][7nm_78_4.genlib] Delay: nan ps | Area: nan
[s13207.bench][7nm_78_5.genlib] Delay: 206.32 ps | Area: 2240.42
[s13207.bench][7nm_79_1.genlib] Delay: 1246.99 ps | Area: 2248.35
[s13207.bench][7nm_79_2.genlib] Delay: nan ps | Area: nan
[s13207.bench][7nm_79_3.genlib] Delay: nan ps | Area: nan
[s13207.bench][7nm_79_4.genlib] Delay: 347.39 ps | Area: 2038.4
[s13207.bench][7nm_79_5.genlib] Delay: nan ps | Area: nan
[s13207.bench][7nm_80_1.genlib] Delay: nan ps | Area: nan
[s13207.bench][7nm_80_2.genlib] Delay: nan ps | Area: nan
[s13207.bench][7nm_80_3.genlib] Delay: nan ps | Area: nan
[s13207.bench][7nm_80_4.genlib] Delay: 368.27 ps | Area: 2128.45
[s13207.bench][7nm_80_5.genlib] Delay: 220.26 ps | Area: 2171.6
[s13207.bench][7nm_81_1.genlib] Delay: 358.2 ps | Area: 2456.91
[s13207.bench][7nm_81_2.genlib] Delay: nan ps | Area: nan
[s13207.bench][7nm_81_3.genlib] Delay: 206.34 ps | Area: 2191.43
[s13207.bench][7nm_81_4.genlib] Delay: nan ps | Area: nan
[s13207.bench][7nm_81_5.genlib] Delay: 376.49 ps | Area: 2588.24
[s13207.bench][7nm_82_1.genlib] Delay: 228.2 ps | Area: 2177.67
[s13207.bench][7nm_82_2.genlib] Delay: nan ps | Area: nan
[s13207.bench][7nm_82_3.genlib] Delay: nan ps | Area: nan
[s13207.bench][7nm_82_4.genlib] Delay: 304.36 ps | Area: 2320.9
[s13207.bench][7nm_82_5.genlib] Delay: 252.54 ps | Area: 2380.16
[s13207.bench][7nm_83_1.genlib] Delay: 421.09 ps | Area: 2276.11
[s13207.bench][7nm_83_2.genlib] Delay: nan ps | Area: nan
[s13207.bench][7nm_83_3.genlib] Delay: nan ps | Area: nan
[s13207.bench][7nm_83_4.genlib] Delay: 190.21 ps | Area: 2108.15
[s13207.bench][7nm_83_5.genlib] Delay: nan ps | Area: nan
[s13207.bench][7nm_84_1.genlib] Delay: 211.33 ps | Area: 2216.86
[s13207.bench][7nm_84_2.genlib] Delay: 228.2 ps | Area: 2254.42
[s13207.bench][7nm_84_3.genlib] Delay: nan ps | Area: nan
[s13207.bench][7nm_84_4.genlib] Delay: nan ps | Area: nan
[s13207.bench][7nm_84_5.genlib] Delay: 193.85 ps | Area: 2228.52
[s13207.bench][7nm_85_1.genlib] Delay: nan ps | Area: nan
[s13207.bench][7nm_85_2.genlib] Delay: 249.33 ps | Area: 2202.86
[s13207.bench][7nm_85_3.genlib] Delay: nan ps | Area: nan
[s13207.bench][7nm_85_4.genlib] Delay: nan ps | Area: nan
[s13207.bench][7nm_85_5.genlib] Delay: 831.87 ps | Area: 1937.16
[s13207.bench][7nm_86_1.genlib] Delay: 199.23 ps | Area: 2197.96
[s13207.bench][7nm_86_2.genlib] Delay: nan ps | Area: nan
[s13207.bench][7nm_86_3.genlib] Delay: nan ps | Area: nan
[s13207.bench][7nm_86_4.genlib] Delay: nan ps | Area: nan
[s13207.bench][7nm_86_5.genlib] Delay: 654.98 ps | Area: 2127.05
[s13207.bench][7nm_87_1.genlib] Delay: nan ps | Area: nan
[s13207.bench][7nm_87_2.genlib] Delay: nan ps | Area: nan
[s13207.bench][7nm_87_3.genlib] Delay: 229.57 ps | Area: 1894.93
[s13207.bench][7nm_87_4.genlib] Delay: 272.37 ps | Area: 2008.77
[s13207.bench][7nm_87_5.genlib] Delay: nan ps | Area: nan
[s13207.bench][7nm_88_1.genlib] Delay: nan ps | Area: nan
[s13207.bench][7nm_88_2.genlib] Delay: nan ps | Area: nan
[s13207.bench][7nm_88_3.genlib] Delay: nan ps | Area: nan
[s13207.bench][7nm_88_4.genlib] Delay: 612.04 ps | Area: 1969.58
[s13207.bench][7nm_88_5.genlib] Delay: 524.07 ps | Area: 2305.27
[s13207.bench][7nm_89_1.genlib] Delay: nan ps | Area: nan
[s13207.bench][7nm_89_2.genlib] Delay: 202.54 ps | Area: 2349.83
[s13207.bench][7nm_89_3.genlib] Delay: nan ps | Area: nan
[s13207.bench][7nm_89_4.genlib] Delay: nan ps | Area: nan
[s13207.bench][7nm_89_5.genlib] Delay: nan ps | Area: nan
[s13207.bench][7nm_90_1.genlib] Delay: 237.63 ps | Area: 2441.04
[s13207.bench][7nm_90_2.genlib] Delay: 389.82 ps | Area: 1885.37
[s13207.bench][7nm_90_3.genlib] Delay: nan ps | Area: nan
[s13207.bench][7nm_90_4.genlib] Delay: 250.55 ps | Area: 2152.71
[s13207.bench][7nm_90_5.genlib] Delay: 241.19 ps | Area: 2263.28
[s13207.bench][7nm_91_1.genlib] Delay: 305.72 ps | Area: 1895.17
[s13207.bench][7nm_91_2.genlib] Delay: nan ps | Area: nan
[s13207.bench][7nm_91_3.genlib] Delay: nan ps | Area: nan
[s13207.bench][7nm_91_4.genlib] Delay: nan ps | Area: nan
[s13207.bench][7nm_91_5.genlib] Delay: nan ps | Area: nan
[s13207.bench][7nm_92_1.genlib] Delay: 827.42 ps | Area: 2177.9
[s13207.bench][7nm_92_2.genlib] Delay: 269.74 ps | Area: 2326.73
[s13207.bench][7nm_92_3.genlib] Delay: 843.11 ps | Area: 2064.53
[s13207.bench][7nm_92_4.genlib] Delay: 639.41 ps | Area: 2561.18
[s13207.bench][7nm_92_5.genlib] Delay: 208.18 ps | Area: 2180.7
[s13207.bench][7nm_93_1.genlib] Delay: 199.17 ps | Area: 1963.75
[s13207.bench][7nm_93_2.genlib] Delay: nan ps | Area: nan
[s13207.bench][7nm_93_3.genlib] Delay: nan ps | Area: nan
[s13207.bench][7nm_93_4.genlib] Delay: nan ps | Area: nan
[s13207.bench][7nm_93_5.genlib] Delay: nan ps | Area: nan
[s13207.bench][7nm_94_1.genlib] Delay: 276.62 ps | Area: 2159.01
[s13207.bench][7nm_94_2.genlib] Delay: 213.75 ps | Area: 2020.9
[s13207.bench][7nm_94_3.genlib] Delay: nan ps | Area: nan
[s13207.bench][7nm_94_4.genlib] Delay: 937.35 ps | Area: 2141.98
[s13207.bench][7nm_94_5.genlib] Delay: 228.73 ps | Area: 2055.2
[s13207.bench][7nm_95_1.genlib] Delay: 434.24 ps | Area: 2107.45
[s13207.bench][7nm_95_2.genlib] Delay: 216.86 ps | Area: 2412.81
[s13207.bench][7nm_95_3.genlib] Delay: nan ps | Area: nan
[s13207.bench][7nm_95_4.genlib] Delay: 237.37 ps | Area: 2175.57
[s13207.bench][7nm_95_5.genlib] Delay: nan ps | Area: nan
[s13207.bench][7nm_96_1.genlib] Delay: nan ps | Area: nan
[s13207.bench][7nm_96_2.genlib] Delay: 637.14 ps | Area: 1890.03
[s13207.bench][7nm_96_3.genlib] Delay: 208.92 ps | Area: 2200.3
[s13207.bench][7nm_96_4.genlib] Delay: 234.96 ps | Area: 2420.28
[s13207.bench][7nm_96_5.genlib] Delay: 200.51 ps | Area: 2103.25
[s13207.bench][7nm_97_1.genlib] Delay: nan ps | Area: nan
[s13207.bench][7nm_97_2.genlib] Delay: nan ps | Area: nan
[s13207.bench][7nm_97_3.genlib] Delay: 196.99 ps | Area: 2105.35
[s13207.bench][7nm_97_4.genlib] Delay: nan ps | Area: nan
[s13207.bench][7nm_97_5.genlib] Delay: 828.36 ps | Area: 1964.22
[s13207.bench][7nm_98_1.genlib] Delay: 501.96 ps | Area: 2026.5
[s13207.bench][7nm_98_2.genlib] Delay: 667.75 ps | Area: 1972.38
[s13207.bench][7nm_98_3.genlib] Delay: nan ps | Area: nan
[s13207.bench][7nm_98_4.genlib] Delay: 264.92 ps | Area: 2089.96
[s13207.bench][7nm_98_5.genlib] Delay: 218.31 ps | Area: 1972.62
[s13207.bench][7nm_99_1.genlib] Delay: nan ps | Area: nan
[s13207.bench][7nm_99_2.genlib] Delay: 207.68 ps | Area: 2444.31
[s13207.bench][7nm_99_3.genlib] Delay: 276.03 ps | Area: 1962.82
[s13207.bench][7nm_99_4.genlib] Delay: 256.65 ps | Area: 1978.45
[s13207.bench][7nm_99_5.genlib] Delay: 671.68 ps | Area: 2236.22
[s13207.bench][7nm_100_1.genlib] Delay: 288.2 ps | Area: 1926.19
[s13207.bench][7nm_100_2.genlib] Delay: nan ps | Area: nan
[s13207.bench][7nm_100_3.genlib] Delay: nan ps | Area: nan
[s13207.bench][7nm_100_4.genlib] Delay: 424.21 ps | Area: 1909.63
[s13207.bench][7nm_100_5.genlib] Delay: 310.19 ps | Area: 2305.51
[s13207.bench][7nm_101_1.genlib] Delay: nan ps | Area: nan
[s13207.bench][7nm_101_2.genlib] Delay: 526.0 ps | Area: 1940.89
[s13207.bench][7nm_101_3.genlib] Delay: 435.6 ps | Area: 2320.9
[s13207.bench][7nm_101_4.genlib] Delay: nan ps | Area: nan
[s13207.bench][7nm_101_5.genlib] Delay: 649.85 ps | Area: 2089.26
[s13207.bench][7nm_102_1.genlib] Delay: 237.57 ps | Area: 1921.53
[s13207.bench][7nm_102_2.genlib] Delay: 212.81 ps | Area: 2100.45
[s13207.bench][7nm_102_3.genlib] Delay: 213.0 ps | Area: 1855.51
[s13207.bench][7nm_102_4.genlib] Delay: 237.93 ps | Area: 1877.44
[s13207.bench][7nm_102_5.genlib] Delay: 353.0 ps | Area: 1948.82
[s13207.bench][7nm_103_1.genlib] Delay: 299.22 ps | Area: 2303.17
[s13207.bench][7nm_103_2.genlib] Delay: nan ps | Area: nan
[s13207.bench][7nm_103_3.genlib] Delay: 232.59 ps | Area: 2321.14
[s13207.bench][7nm_103_4.genlib] Delay: nan ps | Area: nan
[s13207.bench][7nm_103_5.genlib] Delay: 216.34 ps | Area: 2200.06
[s13207.bench][7nm_104_1.genlib] Delay: nan ps | Area: nan
[s13207.bench][7nm_104_2.genlib] Delay: 847.31 ps | Area: 2150.14
[s13207.bench][7nm_104_3.genlib] Delay: nan ps | Area: nan
[s13207.bench][7nm_104_4.genlib] Delay: 334.68 ps | Area: 2080.86
[s13207.bench][7nm_104_5.genlib] Delay: 535.3 ps | Area: 1925.96
[s13207.bench][7nm_105_1.genlib] Delay: nan ps | Area: nan
[s13207.bench][7nm_105_2.genlib] Delay: 224.48 ps | Area: 1954.19
[s13207.bench][7nm_105_3.genlib] Delay: 460.5 ps | Area: 1869.74
[s13207.bench][7nm_105_4.genlib] Delay: 220.53 ps | Area: 2094.85
[s13207.bench][7nm_105_5.genlib] Delay: 226.46 ps | Area: 2253.48
[s13207.bench][7nm_106_1.genlib] Delay: 631.08 ps | Area: 2002.48
[s13207.bench][7nm_106_2.genlib] Delay: 290.31 ps | Area: 2122.85
[s13207.bench][7nm_106_3.genlib] Delay: nan ps | Area: nan
[s13207.bench][7nm_106_4.genlib] Delay: 465.62 ps | Area: 2469.74
[s13207.bench][7nm_106_5.genlib] Delay: 205.97 ps | Area: 2135.91
[s13207.bench][7nm_107_1.genlib] Delay: 427.39 ps | Area: 2262.82
[s13207.bench][7nm_107_2.genlib] Delay: nan ps | Area: nan
[s13207.bench][7nm_107_3.genlib] Delay: 219.32 ps | Area: 1980.08
[s13207.bench][7nm_107_4.genlib] Delay: nan ps | Area: nan
[s13207.bench][7nm_107_5.genlib] Delay: 228.51 ps | Area: 1907.53
[s13207.bench][7nm_108_1.genlib] Delay: 266.7 ps | Area: 2051.23
[s13207.bench][7nm_108_2.genlib] Delay: nan ps | Area: nan
[s13207.bench][7nm_108_3.genlib] Delay: 338.95 ps | Area: 2047.73
[s13207.bench][7nm_108_4.genlib] Delay: nan ps | Area: nan
[s13207.bench][7nm_108_5.genlib] Delay: nan ps | Area: nan
[s13207.bench][7nm_109_1.genlib] Delay: 186.87 ps | Area: 2136.61
[s13207.bench][7nm_109_2.genlib] Delay: 425.7 ps | Area: 2273.55
[s13207.bench][7nm_109_3.genlib] Delay: 238.83 ps | Area: 1896.33
[s13207.bench][7nm_109_4.genlib] Delay: 415.34 ps | Area: 2286.14
[s13207.bench][7nm_109_5.genlib] Delay: 447.74 ps | Area: 1893.77
[s13207.bench][7nm_110_1.genlib] Delay: 490.74 ps | Area: 2277.28
[s13207.bench][7nm_110_2.genlib] Delay: 224.08 ps | Area: 2239.95
[s13207.bench][7nm_110_3.genlib] Delay: 224.95 ps | Area: 2164.14
[s13207.bench][7nm_110_4.genlib] Delay: 477.8 ps | Area: 1889.8
[s13207.bench][7nm_110_5.genlib] Delay: nan ps | Area: nan
[s13207.bench][7nm_111_1.genlib] Delay: 348.93 ps | Area: 2032.57
[s13207.bench][7nm_111_2.genlib] Delay: 215.71 ps | Area: 2105.82
[s13207.bench][7nm_111_3.genlib] Delay: 578.43 ps | Area: 1932.96
[s13207.bench][7nm_111_4.genlib] Delay: 454.7 ps | Area: 2096.95
[s13207.bench][7nm_111_5.genlib] Delay: nan ps | Area: nan
[s13207.bench][7nm_112_1.genlib] Delay: nan ps | Area: nan
[s13207.bench][7nm_112_2.genlib] Delay: 284.78 ps | Area: 2050.53
[s13207.bench][7nm_112_3.genlib] Delay: nan ps | Area: nan
[s13207.bench][7nm_112_4.genlib] Delay: nan ps | Area: nan
[s13207.bench][7nm_112_5.genlib] Delay: nan ps | Area: nan
[s13207.bench][7nm_113_1.genlib] Delay: nan ps | Area: nan
[s13207.bench][7nm_113_2.genlib] Delay: nan ps | Area: nan
[s13207.bench][7nm_113_3.genlib] Delay: nan ps | Area: nan
[s13207.bench][7nm_113_4.genlib] Delay: 771.55 ps | Area: 2045.63
[s13207.bench][7nm_113_5.genlib] Delay: 281.9 ps | Area: 1921.29
[s13207.bench][7nm_114_1.genlib] Delay: 598.01 ps | Area: 1877.44
[s13207.bench][7nm_114_2.genlib] Delay: 266.23 ps | Area: 2039.57
[s13207.bench][7nm_114_3.genlib] Delay: 337.47 ps | Area: 1855.04
[s13207.bench][7nm_114_4.genlib] Delay: 424.4 ps | Area: 1897.27
[s13207.bench][7nm_114_5.genlib] Delay: 550.69 ps | Area: 1946.95
[s13207.bench][7nm_115_1.genlib] Delay: 447.74 ps | Area: 2211.26
[s13207.bench][7nm_115_2.genlib] Delay: nan ps | Area: nan
[s13207.bench][7nm_115_3.genlib] Delay: 807.13 ps | Area: 2001.54
[s13207.bench][7nm_115_4.genlib] Delay: nan ps | Area: nan
[s13207.bench][7nm_115_5.genlib] Delay: nan ps | Area: nan
[s13207.bench][7nm_116_1.genlib] Delay: 426.02 ps | Area: 2264.22
[s13207.bench][7nm_116_2.genlib] Delay: 267.72 ps | Area: 1887.94
[s13207.bench][7nm_116_3.genlib] Delay: 483.25 ps | Area: 2012.74
[s13207.bench][7nm_116_4.genlib] Delay: nan ps | Area: nan
[s13207.bench][7nm_116_5.genlib] Delay: nan ps | Area: nan
[s13207.bench][7nm_117_1.genlib] Delay: nan ps | Area: nan
[s13207.bench][7nm_117_2.genlib] Delay: 245.32 ps | Area: 2023.0
[s13207.bench][7nm_117_3.genlib] Delay: nan ps | Area: nan
[s13207.bench][7nm_117_4.genlib] Delay: 363.14 ps | Area: 1890.73
[s13207.bench][7nm_117_5.genlib] Delay: 560.06 ps | Area: 1985.91
[s13207.bench][7nm_118_1.genlib] Delay: nan ps | Area: nan
[s13207.bench][7nm_118_2.genlib] Delay: 536.21 ps | Area: 1877.2
[s13207.bench][7nm_118_3.genlib] Delay: 266.11 ps | Area: 1883.74
[s13207.bench][7nm_118_4.genlib] Delay: nan ps | Area: nan
[s13207.bench][7nm_118_5.genlib] Delay: 186.52 ps | Area: 2062.9
[s13207.bench][7nm_119_1.genlib] Delay: 359.74 ps | Area: 1832.41
[s13207.bench][7nm_119_2.genlib] Delay: 184.13 ps | Area: 2038.87
[s13207.bench][7nm_119_3.genlib] Delay: 284.47 ps | Area: 1979.15
[s13207.bench][7nm_119_4.genlib] Delay: 536.17 ps | Area: 2092.29
[s13207.bench][7nm_119_5.genlib] Delay: 274.87 ps | Area: 2065.46
[s13207.bench][7nm_120_1.genlib] Delay: 172.16 ps | Area: 1919.89
[s13207.bench][7nm_120_2.genlib] Delay: 410.22 ps | Area: 2224.09
[s13207.bench][7nm_120_3.genlib] Delay: 800.11 ps | Area: 1929.93
[s13207.bench][7nm_120_4.genlib] Delay: 198.37 ps | Area: 2143.38
[s13207.bench][7nm_120_5.genlib] Delay: 244.32 ps | Area: 2086.92
[s13207.bench][7nm_121_1.genlib] Delay: 770.18 ps | Area: 2081.79
[s13207.bench][7nm_121_2.genlib] Delay: nan ps | Area: nan
[s13207.bench][7nm_121_3.genlib] Delay: 207.74 ps | Area: 2063.36
[s13207.bench][7nm_121_4.genlib] Delay: 188.15 ps | Area: 2050.53
[s13207.bench][7nm_121_5.genlib] Delay: nan ps | Area: nan
[s13207.bench][7nm_122_1.genlib] Delay: 466.74 ps | Area: 1908.93
[s13207.bench][7nm_122_2.genlib] Delay: nan ps | Area: nan
[s13207.bench][7nm_122_3.genlib] Delay: 375.37 ps | Area: 2113.98
[s13207.bench][7nm_122_4.genlib] Delay: 401.55 ps | Area: 2075.73
[s13207.bench][7nm_122_5.genlib] Delay: 246.83 ps | Area: 2278.91
[s13207.bench][7nm_123_1.genlib] Delay: 672.75 ps | Area: 2033.74
[s13207.bench][7nm_123_2.genlib] Delay: 394.69 ps | Area: 2011.81
[s13207.bench][7nm_123_3.genlib] Delay: 312.59 ps | Area: 1838.01
[s13207.bench][7nm_123_4.genlib] Delay: 496.58 ps | Area: 2022.54
[s13207.bench][7nm_123_5.genlib] Delay: 287.67 ps | Area: 1975.88
[s13207.bench][7nm_124_1.genlib] Delay: 329.95 ps | Area: 2010.64
[s13207.bench][7nm_124_2.genlib] Delay: 220.72 ps | Area: 1991.04
[s13207.bench][7nm_124_3.genlib] Delay: 572.92 ps | Area: 2030.24
[s13207.bench][7nm_124_4.genlib] Delay: 246.32 ps | Area: 2016.94
[s13207.bench][7nm_124_5.genlib] Delay: nan ps | Area: nan
[s13207.bench][7nm_125_1.genlib] Delay: nan ps | Area: nan
[s13207.bench][7nm_125_2.genlib] Delay: 196.69 ps | Area: 1874.17
[s13207.bench][7nm_125_3.genlib] Delay: nan ps | Area: nan
[s13207.bench][7nm_125_4.genlib] Delay: nan ps | Area: nan
[s13207.bench][7nm_125_5.genlib] Delay: nan ps | Area: nan
[s13207.bench][7nm_126_1.genlib] Delay: nan ps | Area: nan
[s13207.bench][7nm_126_2.genlib] Delay: 661.1 ps | Area: 2030.47
[s13207.bench][7nm_126_3.genlib] Delay: nan ps | Area: nan
[s13207.bench][7nm_126_4.genlib] Delay: 403.18 ps | Area: 2230.86
[s13207.bench][7nm_126_5.genlib] Delay: nan ps | Area: nan
[s13207.bench][7nm_127_1.genlib] Delay: 572.29 ps | Area: 1987.55
[s13207.bench][7nm_127_2.genlib] Delay: 425.4 ps | Area: 1906.13
[s13207.bench][7nm_127_3.genlib] Delay: 222.66 ps | Area: 2047.73
[s13207.bench][7nm_127_4.genlib] Delay: nan ps | Area: nan
[s13207.bench][7nm_127_5.genlib] Delay: 252.96 ps | Area: 2091.36
[s13207.bench][7nm_128_1.genlib] Delay: 761.83 ps | Area: 2082.72
[s13207.bench][7nm_128_2.genlib] Delay: nan ps | Area: nan
[s13207.bench][7nm_128_3.genlib] Delay: 803.96 ps | Area: 1958.62
[s13207.bench][7nm_128_4.genlib] Delay: 662.02 ps | Area: 1968.88
[s13207.bench][7nm_128_5.genlib] Delay: 557.8 ps | Area: 1967.48
[s13207.bench][7nm_129_1.genlib] Delay: 526.59 ps | Area: 2026.04
[s13207.bench][7nm_129_2.genlib] Delay: 859.89 ps | Area: 1991.98
[s13207.bench][7nm_129_3.genlib] Delay: 348.73 ps | Area: 2006.67
[s13207.bench][7nm_129_4.genlib] Delay: 462.87 ps | Area: 2015.31
[s13207.bench][7nm_129_5.genlib] Delay: 346.44 ps | Area: 2055.2
[s13207.bench][7nm_130_1.genlib] Delay: 420.88 ps | Area: 2009.47
[s13207.bench][7nm_130_2.genlib] Delay: 328.14 ps | Area: 2004.34
[s13207.bench][7nm_130_3.genlib] Delay: 552.96 ps | Area: 1883.5
[s13207.bench][7nm_130_4.genlib] Delay: 351.7 ps | Area: 2080.62
[s13207.bench][7nm_130_5.genlib] Delay: nan ps | Area: nan
[s13207.bench][7nm_131_1.genlib] Delay: 600.63 ps | Area: 1864.84
[s13207.bench][7nm_131_2.genlib] Delay: 798.59 ps | Area: 2035.83
[s13207.bench][7nm_131_3.genlib] Delay: 623.1 ps | Area: 1998.98
[s13207.bench][7nm_131_4.genlib] Delay: 565.42 ps | Area: 2050.06
[s13207.bench][7nm_131_5.genlib] Delay: nan ps | Area: nan
[s13207.bench][7nm_132_1.genlib] Delay: 489.61 ps | Area: 2037.93
[s13207.bench][7nm_132_2.genlib] Delay: 585.13 ps | Area: 1857.84
[s13207.bench][7nm_132_3.genlib] Delay: 232.24 ps | Area: 2036.07
[s13207.bench][7nm_132_4.genlib] Delay: 297.87 ps | Area: 1999.21
[s13207.bench][7nm_132_5.genlib] Delay: 235.65 ps | Area: 2208.46
[s13207.bench][7nm_133_1.genlib] Delay: nan ps | Area: nan
[s13207.bench][7nm_133_2.genlib] Delay: 838.69 ps | Area: 2005.04
[s13207.bench][7nm_133_3.genlib] Delay: 597.9 ps | Area: 2029.07
[s13207.bench][7nm_133_4.genlib] Delay: 470.67 ps | Area: 1811.89
[s13207.bench][7nm_133_5.genlib] Delay: 755.98 ps | Area: 1999.44
[s13207.bench][7nm_134_1.genlib] Delay: 653.66 ps | Area: 1998.51
[s13207.bench][7nm_134_2.genlib] Delay: 318.16 ps | Area: 2195.16
[s13207.bench][7nm_134_3.genlib] Delay: 708.55 ps | Area: 2041.2
[s13207.bench][7nm_134_4.genlib] Delay: 368.27 ps | Area: 2019.51
[s13207.bench][7nm_134_5.genlib] Delay: 946.59 ps | Area: 2063.59
[s13207.bench][7nm_135_1.genlib] Delay: 777.81 ps | Area: 1944.86
[s13207.bench][7nm_135_2.genlib] Delay: nan ps | Area: nan
[s13207.bench][7nm_135_3.genlib] Delay: 689.49 ps | Area: 2011.34
[s13207.bench][7nm_135_4.genlib] Delay: 484.64 ps | Area: 2250.45
[s13207.bench][7nm_135_5.genlib] Delay: 231.8 ps | Area: 2027.2
[s13207.bench][7nm_136_1.genlib] Delay: 692.77 ps | Area: 1981.95
[s13207.bench][7nm_136_2.genlib] Delay: 659.86 ps | Area: 1869.51
[s13207.bench][7nm_136_3.genlib] Delay: 216.19 ps | Area: 2069.89
[s13207.bench][7nm_136_4.genlib] Delay: 336.38 ps | Area: 2010.41
[s13207.bench][7nm_136_5.genlib] Delay: 330.11 ps | Area: 1842.21
[s13207.bench][7nm_137_1.genlib] Delay: 653.45 ps | Area: 2042.13
[s13207.bench][7nm_137_2.genlib] Delay: 244.55 ps | Area: 2223.86
[s13207.bench][7nm_137_3.genlib] Delay: 470.5 ps | Area: 1869.51
[s13207.bench][7nm_137_4.genlib] Delay: 419.19 ps | Area: 1857.14
[s13207.bench][7nm_137_5.genlib] Delay: 531.28 ps | Area: 1964.45
[s13207.bench][7nm_138_1.genlib] Delay: 232.54 ps | Area: 2234.36
[s13207.bench][7nm_138_2.genlib] Delay: nan ps | Area: nan
[s13207.bench][7nm_138_3.genlib] Delay: 197.77 ps | Area: 2044.0
[s13207.bench][7nm_138_4.genlib] Delay: 467.37 ps | Area: 1873.94
[s13207.bench][7nm_138_5.genlib] Delay: 282.85 ps | Area: 2193.3
[s13207.bench][7nm_139_1.genlib] Delay: 607.81 ps | Area: 1981.71
[s13207.bench][7nm_139_2.genlib] Delay: 512.37 ps | Area: 2011.11
[s13207.bench][7nm_139_3.genlib] Delay: 552.62 ps | Area: 1980.78
[s13207.bench][7nm_139_4.genlib] Delay: 437.4 ps | Area: 1848.51
[s13207.bench][7nm_139_5.genlib] Delay: 295.28 ps | Area: 1920.36
[s13207.bench][7nm_140_1.genlib] Delay: 363.34 ps | Area: 1848.51
[s13207.bench][7nm_140_2.genlib] Delay: nan ps | Area: nan
[s13207.bench][7nm_140_3.genlib] Delay: nan ps | Area: nan
[s13207.bench][7nm_140_4.genlib] Delay: 507.27 ps | Area: 1830.31
[s13207.bench][7nm_140_5.genlib] Delay: 680.07 ps | Area: 2005.51
[s13207.bench][7nm_141_1.genlib] Delay: 706.9 ps | Area: 1989.65
[s13207.bench][7nm_141_2.genlib] Delay: 648.53 ps | Area: 1935.76
[s13207.bench][7nm_141_3.genlib] Delay: 523.34 ps | Area: 1798.36
[s13207.bench][7nm_141_4.genlib] Delay: 357.73 ps | Area: 1826.12
[s13207.bench][7nm_141_5.genlib] Delay: 203.51 ps | Area: 2127.51
[s13207.bench][7nm_142_1.genlib] Delay: 318.64 ps | Area: 2045.63
[s13207.bench][7nm_142_2.genlib] Delay: 357.7 ps | Area: 1982.41
[s13207.bench][7nm_142_3.genlib] Delay: 322.81 ps | Area: 2179.3
[s13207.bench][7nm_142_4.genlib] Delay: 251.12 ps | Area: 1987.08
[s13207.bench][7nm_142_5.genlib] Delay: 487.66 ps | Area: 1796.02
[s13207.bench][7nm_143_1.genlib] Delay: 699.46 ps | Area: 1924.79
[s13207.bench][7nm_143_2.genlib] Delay: 622.17 ps | Area: 1967.72
[s13207.bench][7nm_143_3.genlib] Delay: 512.8 ps | Area: 2023.0
[s13207.bench][7nm_143_4.genlib] Delay: 551.52 ps | Area: 1980.55
[s13207.bench][7nm_143_5.genlib] Delay: 644.91 ps | Area: 1948.12
[s13207.bench][7nm_144_1.genlib] Delay: 270.46 ps | Area: 1947.89
[s13207.bench][7nm_144_2.genlib] Delay: 388.1 ps | Area: 1850.84
[s13207.bench][7nm_144_3.genlib] Delay: 258.48 ps | Area: 1856.68
[s13207.bench][7nm_144_4.genlib] Delay: nan ps | Area: nan
[s13207.bench][7nm_144_5.genlib] Delay: 781.7 ps | Area: 1992.44
[s13207.bench][7nm_145_1.genlib] Delay: nan ps | Area: nan
[s13207.bench][7nm_145_2.genlib] Delay: 752.39 ps | Area: 1874.64
[s13207.bench][7nm_145_3.genlib] Delay: 502.59 ps | Area: 1973.55
[s13207.bench][7nm_145_4.genlib] Delay: nan ps | Area: nan
[s13207.bench][7nm_145_5.genlib] Delay: 552.05 ps | Area: 1928.06
[s13207.bench][7nm_146_1.genlib] Delay: 670.91 ps | Area: 1957.92
[s13207.bench][7nm_146_2.genlib] Delay: 391.7 ps | Area: 2180.47
[s13207.bench][7nm_146_3.genlib] Delay: 636.02 ps | Area: 1960.95
[s13207.bench][7nm_146_4.genlib] Delay: 395.94 ps | Area: 1963.52
[s13207.bench][7nm_146_5.genlib] Delay: 671.26 ps | Area: 1981.01
[s13207.bench][7nm_147_1.genlib] Delay: 497.28 ps | Area: 1994.08
[s13207.bench][7nm_147_2.genlib] Delay: 274.22 ps | Area: 1805.82
[s13207.bench][7nm_147_3.genlib] Delay: 546.09 ps | Area: 1965.38
[s13207.bench][7nm_147_4.genlib] Delay: 435.86 ps | Area: 1831.95
[s13207.bench][7nm_147_5.genlib] Delay: 639.01 ps | Area: 1986.15
[s13207.bench][7nm_148_1.genlib] Delay: 530.63 ps | Area: 1995.71
[s13207.bench][7nm_148_2.genlib] Delay: nan ps | Area: nan
[s13207.bench][7nm_148_3.genlib] Delay: 634.94 ps | Area: 1935.06
[s13207.bench][7nm_148_4.genlib] Delay: 703.39 ps | Area: 2009.24
[s13207.bench][7nm_148_5.genlib] Delay: 622.93 ps | Area: 1980.78
[s13207.bench][7nm_149_1.genlib] Delay: 631.67 ps | Area: 1973.78
[s13207.bench][7nm_149_2.genlib] Delay: 648.96 ps | Area: 1941.82
[s13207.bench][7nm_149_3.genlib] Delay: 308.52 ps | Area: 2182.33
[s13207.bench][7nm_149_4.genlib] Delay: 332.8 ps | Area: 2158.07
[s13207.bench][7nm_149_5.genlib] Delay: 525.67 ps | Area: 1848.98
[s13207.bench][7nm_150_1.genlib] Delay: 228.98 ps | Area: 2225.72
[s13207.bench][7nm_150_2.genlib] Delay: 724.86 ps | Area: 1962.58
[s13207.bench][7nm_150_3.genlib] Delay: 718.58 ps | Area: 1981.71
[s13207.bench][7nm_150_4.genlib] Delay: 678.87 ps | Area: 1970.98
[s13207.bench][7nm_150_5.genlib] Delay: 625.73 ps | Area: 1933.42
[c2670.bench][7nm_75_1.genlib] Delay: 143.27 ps | Area: 470.76
[c2670.bench][7nm_75_2.genlib] Delay: nan ps | Area: nan
[c2670.bench][7nm_75_3.genlib] Delay: nan ps | Area: nan
[c2670.bench][7nm_75_4.genlib] Delay: nan ps | Area: nan
[c2670.bench][7nm_75_5.genlib] Delay: nan ps | Area: nan
[c2670.bench][7nm_76_1.genlib] Delay: nan ps | Area: nan
[c2670.bench][7nm_76_2.genlib] Delay: nan ps | Area: nan
[c2670.bench][7nm_76_3.genlib] Delay: 112.33 ps | Area: 494.32
[c2670.bench][7nm_76_4.genlib] Delay: nan ps | Area: nan
[c2670.bench][7nm_76_5.genlib] Delay: 120.31 ps | Area: 441.37
[c2670.bench][7nm_77_1.genlib] Delay: 166.28 ps | Area: 543.54
[c2670.bench][7nm_77_2.genlib] Delay: 148.65 ps | Area: 478.69
[c2670.bench][7nm_77_3.genlib] Delay: nan ps | Area: nan
[c2670.bench][7nm_77_4.genlib] Delay: nan ps | Area: nan
[c2670.bench][7nm_77_5.genlib] Delay: nan ps | Area: nan
[c2670.bench][7nm_78_1.genlib] Delay: 121.84 ps | Area: 599.76
[c2670.bench][7nm_78_2.genlib] Delay: nan ps | Area: nan
[c2670.bench][7nm_78_3.genlib] Delay: nan ps | Area: nan
[c2670.bench][7nm_78_4.genlib] Delay: nan ps | Area: nan
[c2670.bench][7nm_78_5.genlib] Delay: 124.65 ps | Area: 477.99
[c2670.bench][7nm_79_1.genlib] Delay: 121.17 ps | Area: 412.91
[c2670.bench][7nm_79_2.genlib] Delay: nan ps | Area: nan
[c2670.bench][7nm_79_3.genlib] Delay: nan ps | Area: nan
[c2670.bench][7nm_79_4.genlib] Delay: 161.96 ps | Area: 563.84
[c2670.bench][7nm_79_5.genlib] Delay: nan ps | Area: nan
[c2670.bench][7nm_80_1.genlib] Delay: nan ps | Area: nan
[c2670.bench][7nm_80_2.genlib] Delay: nan ps | Area: nan
[c2670.bench][7nm_80_3.genlib] Delay: nan ps | Area: nan
[c2670.bench][7nm_80_4.genlib] Delay: 105.34 ps | Area: 542.84
[c2670.bench][7nm_80_5.genlib] Delay: 109.8 ps | Area: 535.84
[c2670.bench][7nm_81_1.genlib] Delay: 158.26 ps | Area: 562.67
[c2670.bench][7nm_81_2.genlib] Delay: nan ps | Area: nan
[c2670.bench][7nm_81_3.genlib] Delay: 125.22 ps | Area: 509.48
[c2670.bench][7nm_81_4.genlib] Delay: nan ps | Area: nan
[c2670.bench][7nm_81_5.genlib] Delay: 175.71 ps | Area: 639.19
[c2670.bench][7nm_82_1.genlib] Delay: 127.72 ps | Area: 494.32
[c2670.bench][7nm_82_2.genlib] Delay: nan ps | Area: nan
[c2670.bench][7nm_82_3.genlib] Delay: nan ps | Area: nan
[c2670.bench][7nm_82_4.genlib] Delay: 114.27 ps | Area: 591.6
[c2670.bench][7nm_82_5.genlib] Delay: 107.47 ps | Area: 548.91
[c2670.bench][7nm_83_1.genlib] Delay: 130.71 ps | Area: 441.6
[c2670.bench][7nm_83_2.genlib] Delay: nan ps | Area: nan
[c2670.bench][7nm_83_3.genlib] Delay: nan ps | Area: nan
[c2670.bench][7nm_83_4.genlib] Delay: 120.33 ps | Area: 539.58
[c2670.bench][7nm_83_5.genlib] Delay: nan ps | Area: nan
[c2670.bench][7nm_84_1.genlib] Delay: 119.0 ps | Area: 517.88
[c2670.bench][7nm_84_2.genlib] Delay: 132.14 ps | Area: 490.12
[c2670.bench][7nm_84_3.genlib] Delay: nan ps | Area: nan
[c2670.bench][7nm_84_4.genlib] Delay: nan ps | Area: nan
[c2670.bench][7nm_84_5.genlib] Delay: 153.6 ps | Area: 541.21
[c2670.bench][7nm_85_1.genlib] Delay: nan ps | Area: nan
[c2670.bench][7nm_85_2.genlib] Delay: 116.25 ps | Area: 453.96
[c2670.bench][7nm_85_3.genlib] Delay: nan ps | Area: nan
[c2670.bench][7nm_85_4.genlib] Delay: nan ps | Area: nan
[c2670.bench][7nm_85_5.genlib] Delay: 125.02 ps | Area: 471.69
[c2670.bench][7nm_86_1.genlib] Delay: 111.25 ps | Area: 487.09
[c2670.bench][7nm_86_2.genlib] Delay: nan ps | Area: nan
[c2670.bench][7nm_86_3.genlib] Delay: nan ps | Area: nan
[c2670.bench][7nm_86_4.genlib] Delay: nan ps | Area: nan
[c2670.bench][7nm_86_5.genlib] Delay: 109.79 ps | Area: 491.52
[c2670.bench][7nm_87_1.genlib] Delay: nan ps | Area: nan
[c2670.bench][7nm_87_2.genlib] Delay: nan ps | Area: nan
[c2670.bench][7nm_87_3.genlib] Delay: 136.51 ps | Area: 507.15
[c2670.bench][7nm_87_4.genlib] Delay: 113.97 ps | Area: 476.82
[c2670.bench][7nm_87_5.genlib] Delay: nan ps | Area: nan
[c2670.bench][7nm_88_1.genlib] Delay: nan ps | Area: nan
[c2670.bench][7nm_88_2.genlib] Delay: nan ps | Area: nan
[c2670.bench][7nm_88_3.genlib] Delay: nan ps | Area: nan
[c2670.bench][7nm_88_4.genlib] Delay: 111.15 ps | Area: 483.59
[c2670.bench][7nm_88_5.genlib] Delay: 154.31 ps | Area: 552.17
[c2670.bench][7nm_89_1.genlib] Delay: nan ps | Area: nan
[c2670.bench][7nm_89_2.genlib] Delay: 161.87 ps | Area: 552.87
[c2670.bench][7nm_89_3.genlib] Delay: nan ps | Area: nan
[c2670.bench][7nm_89_4.genlib] Delay: nan ps | Area: nan
[c2670.bench][7nm_89_5.genlib] Delay: nan ps | Area: nan
[c2670.bench][7nm_90_1.genlib] Delay: 130.26 ps | Area: 620.52
[c2670.bench][7nm_90_2.genlib] Delay: 109.81 ps | Area: 547.27
[c2670.bench][7nm_90_3.genlib] Delay: nan ps | Area: nan
[c2670.bench][7nm_90_4.genlib] Delay: 107.19 ps | Area: 489.42
[c2670.bench][7nm_90_5.genlib] Delay: 121.63 ps | Area: 460.96
[c2670.bench][7nm_91_1.genlib] Delay: 120.64 ps | Area: 483.12
[c2670.bench][7nm_91_2.genlib] Delay: nan ps | Area: nan
[c2670.bench][7nm_91_3.genlib] Delay: nan ps | Area: nan
[c2670.bench][7nm_91_4.genlib] Delay: nan ps | Area: nan
[c2670.bench][7nm_91_5.genlib] Delay: nan ps | Area: nan
[c2670.bench][7nm_92_1.genlib] Delay: 133.58 ps | Area: 530.95
[c2670.bench][7nm_92_2.genlib] Delay: 110.07 ps | Area: 489.19
[c2670.bench][7nm_92_3.genlib] Delay: 108.02 ps | Area: 524.41
[c2670.bench][7nm_92_4.genlib] Delay: 180.71 ps | Area: 591.13
[c2670.bench][7nm_92_5.genlib] Delay: 118.08 ps | Area: 482.66
[c2670.bench][7nm_93_1.genlib] Delay: 106.94 ps | Area: 517.42
[c2670.bench][7nm_93_2.genlib] Delay: nan ps | Area: nan
[c2670.bench][7nm_93_3.genlib] Delay: nan ps | Area: nan
[c2670.bench][7nm_93_4.genlib] Delay: nan ps | Area: nan
[c2670.bench][7nm_93_5.genlib] Delay: nan ps | Area: nan
[c2670.bench][7nm_94_1.genlib] Delay: 116.19 ps | Area: 452.1
[c2670.bench][7nm_94_2.genlib] Delay: 106.95 ps | Area: 517.42
[c2670.bench][7nm_94_3.genlib] Delay: nan ps | Area: nan
[c2670.bench][7nm_94_4.genlib] Delay: 111.12 ps | Area: 571.77
[c2670.bench][7nm_94_5.genlib] Delay: 110.6 ps | Area: 522.31
[c2670.bench][7nm_95_1.genlib] Delay: 120.95 ps | Area: 445.1
[c2670.bench][7nm_95_2.genlib] Delay: 116.91 ps | Area: 578.07
[c2670.bench][7nm_95_3.genlib] Delay: nan ps | Area: nan
[c2670.bench][7nm_95_4.genlib] Delay: 120.55 ps | Area: 508.32
[c2670.bench][7nm_95_5.genlib] Delay: nan ps | Area: nan
[c2670.bench][7nm_96_1.genlib] Delay: nan ps | Area: nan
[c2670.bench][7nm_96_2.genlib] Delay: 143.35 ps | Area: 497.82
[c2670.bench][7nm_96_3.genlib] Delay: 102.87 ps | Area: 483.59
[c2670.bench][7nm_96_4.genlib] Delay: 131.18 ps | Area: 601.4
[c2670.bench][7nm_96_5.genlib] Delay: 108.11 ps | Area: 485.46
[c2670.bench][7nm_97_1.genlib] Delay: nan ps | Area: nan
[c2670.bench][7nm_97_2.genlib] Delay: nan ps | Area: nan
[c2670.bench][7nm_97_3.genlib] Delay: 128.01 ps | Area: 465.39
[c2670.bench][7nm_97_4.genlib] Delay: nan ps | Area: nan
[c2670.bench][7nm_97_5.genlib] Delay: 108.95 ps | Area: 584.37
[c2670.bench][7nm_98_1.genlib] Delay: 136.36 ps | Area: 452.8
[c2670.bench][7nm_98_2.genlib] Delay: 157.58 ps | Area: 493.15
[c2670.bench][7nm_98_3.genlib] Delay: nan ps | Area: nan
[c2670.bench][7nm_98_4.genlib] Delay: 129.5 ps | Area: 512.52
[c2670.bench][7nm_98_5.genlib] Delay: 106.24 ps | Area: 499.92
[c2670.bench][7nm_99_1.genlib] Delay: nan ps | Area: nan
[c2670.bench][7nm_99_2.genlib] Delay: 121.24 ps | Area: 536.78
[c2670.bench][7nm_99_3.genlib] Delay: 104.79 ps | Area: 513.68
[c2670.bench][7nm_99_4.genlib] Delay: 117.31 ps | Area: 414.31
[c2670.bench][7nm_99_5.genlib] Delay: 115.57 ps | Area: 476.12
[c2670.bench][7nm_100_1.genlib] Delay: 113.09 ps | Area: 494.55
[c2670.bench][7nm_100_2.genlib] Delay: nan ps | Area: nan
[c2670.bench][7nm_100_3.genlib] Delay: nan ps | Area: nan
[c2670.bench][7nm_100_4.genlib] Delay: 119.37 ps | Area: 488.72
[c2670.bench][7nm_100_5.genlib] Delay: 117.21 ps | Area: 497.59
[c2670.bench][7nm_101_1.genlib] Delay: nan ps | Area: nan
[c2670.bench][7nm_101_2.genlib] Delay: 109.34 ps | Area: 523.95
[c2670.bench][7nm_101_3.genlib] Delay: 115.3 ps | Area: 431.33
[c2670.bench][7nm_101_4.genlib] Delay: nan ps | Area: nan
[c2670.bench][7nm_101_5.genlib] Delay: 120.04 ps | Area: 485.46
[c2670.bench][7nm_102_1.genlib] Delay: 115.75 ps | Area: 469.36
[c2670.bench][7nm_102_2.genlib] Delay: 115.11 ps | Area: 501.32
[c2670.bench][7nm_102_3.genlib] Delay: 118.46 ps | Area: 413.84
[c2670.bench][7nm_102_4.genlib] Delay: 126.73 ps | Area: 477.76
[c2670.bench][7nm_102_5.genlib] Delay: 98.2 ps | Area: 471.46
[c2670.bench][7nm_103_1.genlib] Delay: 138.13 ps | Area: 556.14
[c2670.bench][7nm_103_2.genlib] Delay: nan ps | Area: nan
[c2670.bench][7nm_103_3.genlib] Delay: 147.21 ps | Area: 586.0
[c2670.bench][7nm_103_4.genlib] Delay: nan ps | Area: nan
[c2670.bench][7nm_103_5.genlib] Delay: 131.53 ps | Area: 536.78
[c2670.bench][7nm_104_1.genlib] Delay: nan ps | Area: nan
[c2670.bench][7nm_104_2.genlib] Delay: 146.81 ps | Area: 471.46
[c2670.bench][7nm_104_3.genlib] Delay: nan ps | Area: nan
[c2670.bench][7nm_104_4.genlib] Delay: 113.27 ps | Area: 499.92
[c2670.bench][7nm_104_5.genlib] Delay: 115.78 ps | Area: 449.76
[c2670.bench][7nm_105_1.genlib] Delay: nan ps | Area: nan
[c2670.bench][7nm_105_2.genlib] Delay: 106.17 ps | Area: 559.64
[c2670.bench][7nm_105_3.genlib] Delay: 111.17 ps | Area: 440.9
[c2670.bench][7nm_105_4.genlib] Delay: 103.13 ps | Area: 506.92
[c2670.bench][7nm_105_5.genlib] Delay: 117.12 ps | Area: 467.26
[c2670.bench][7nm_106_1.genlib] Delay: 111.95 ps | Area: 475.19
[c2670.bench][7nm_106_2.genlib] Delay: 118.99 ps | Area: 448.6
[c2670.bench][7nm_106_3.genlib] Delay: nan ps | Area: nan
[c2670.bench][7nm_106_4.genlib] Delay: 123.43 ps | Area: 628.92
[c2670.bench][7nm_106_5.genlib] Delay: 119.08 ps | Area: 474.96
[c2670.bench][7nm_107_1.genlib] Delay: 119.89 ps | Area: 434.13
[c2670.bench][7nm_107_2.genlib] Delay: nan ps | Area: nan
[c2670.bench][7nm_107_3.genlib] Delay: 114.32 ps | Area: 516.48
[c2670.bench][7nm_107_4.genlib] Delay: nan ps | Area: nan
[c2670.bench][7nm_107_5.genlib] Delay: 121.35 ps | Area: 455.13
[c2670.bench][7nm_108_1.genlib] Delay: 155.35 ps | Area: 492.92
[c2670.bench][7nm_108_2.genlib] Delay: nan ps | Area: nan
[c2670.bench][7nm_108_3.genlib] Delay: 113.81 ps | Area: 463.29
[c2670.bench][7nm_108_4.genlib] Delay: nan ps | Area: nan
[c2670.bench][7nm_108_5.genlib] Delay: nan ps | Area: nan
[c2670.bench][7nm_109_1.genlib] Delay: 115.47 ps | Area: 481.49
[c2670.bench][7nm_109_2.genlib] Delay: 108.24 ps | Area: 468.89
[c2670.bench][7nm_109_3.genlib] Delay: 145.45 ps | Area: 460.03
[c2670.bench][7nm_109_4.genlib] Delay: 112.13 ps | Area: 479.16
[c2670.bench][7nm_109_5.genlib] Delay: 111.25 ps | Area: 482.89
[c2670.bench][7nm_110_1.genlib] Delay: 110.53 ps | Area: 428.3
[c2670.bench][7nm_110_2.genlib] Delay: 109.28 ps | Area: 478.92
[c2670.bench][7nm_110_3.genlib] Delay: 118.07 ps | Area: 440.43
[c2670.bench][7nm_110_4.genlib] Delay: 110.18 ps | Area: 458.63
[c2670.bench][7nm_110_5.genlib] Delay: nan ps | Area: nan
[c2670.bench][7nm_111_1.genlib] Delay: 109.76 ps | Area: 463.99
[c2670.bench][7nm_111_2.genlib] Delay: 113.44 ps | Area: 481.72
[c2670.bench][7nm_111_3.genlib] Delay: 141.19 ps | Area: 480.56
[c2670.bench][7nm_111_4.genlib] Delay: 143.46 ps | Area: 440.9
[c2670.bench][7nm_111_5.genlib] Delay: nan ps | Area: nan
[c2670.bench][7nm_112_1.genlib] Delay: nan ps | Area: nan
[c2670.bench][7nm_112_2.genlib] Delay: 128.12 ps | Area: 451.86
[c2670.bench][7nm_112_3.genlib] Delay: nan ps | Area: nan
[c2670.bench][7nm_112_4.genlib] Delay: nan ps | Area: nan
[c2670.bench][7nm_112_5.genlib] Delay: nan ps | Area: nan
[c2670.bench][7nm_113_1.genlib] Delay: nan ps | Area: nan
[c2670.bench][7nm_113_2.genlib] Delay: nan ps | Area: nan
[c2670.bench][7nm_113_3.genlib] Delay: nan ps | Area: nan
[c2670.bench][7nm_113_4.genlib] Delay: 139.4 ps | Area: 419.9
[c2670.bench][7nm_113_5.genlib] Delay: 113.13 ps | Area: 510.65
[c2670.bench][7nm_114_1.genlib] Delay: 107.54 ps | Area: 502.02
[c2670.bench][7nm_114_2.genlib] Delay: 130.08 ps | Area: 451.63
[c2670.bench][7nm_114_3.genlib] Delay: 125.32 ps | Area: 392.38
[c2670.bench][7nm_114_4.genlib] Delay: 114.22 ps | Area: 483.82
[c2670.bench][7nm_114_5.genlib] Delay: 134.32 ps | Area: 407.54
[c2670.bench][7nm_115_1.genlib] Delay: 102.33 ps | Area: 468.89
[c2670.bench][7nm_115_2.genlib] Delay: nan ps | Area: nan
[c2670.bench][7nm_115_3.genlib] Delay: 105.81 ps | Area: 417.34
[c2670.bench][7nm_115_4.genlib] Delay: nan ps | Area: nan
[c2670.bench][7nm_115_5.genlib] Delay: nan ps | Area: nan
[c2670.bench][7nm_116_1.genlib] Delay: 117.61 ps | Area: 432.5
[c2670.bench][7nm_116_2.genlib] Delay: 111.47 ps | Area: 439.97
[c2670.bench][7nm_116_3.genlib] Delay: 108.58 ps | Area: 472.39
[c2670.bench][7nm_116_4.genlib] Delay: nan ps | Area: nan
[c2670.bench][7nm_116_5.genlib] Delay: nan ps | Area: nan
[c2670.bench][7nm_117_1.genlib] Delay: nan ps | Area: nan
[c2670.bench][7nm_117_2.genlib] Delay: 119.75 ps | Area: 409.41
[c2670.bench][7nm_117_3.genlib] Delay: nan ps | Area: nan
[c2670.bench][7nm_117_4.genlib] Delay: 98.12 ps | Area: 516.72
[c2670.bench][7nm_117_5.genlib] Delay: 129.6 ps | Area: 470.29
[c2670.bench][7nm_118_1.genlib] Delay: nan ps | Area: nan
[c2670.bench][7nm_118_2.genlib] Delay: 107.29 ps | Area: 502.25
[c2670.bench][7nm_118_3.genlib] Delay: 99.85 ps | Area: 446.73
[c2670.bench][7nm_118_4.genlib] Delay: nan ps | Area: nan
[c2670.bench][7nm_118_5.genlib] Delay: 115.92 ps | Area: 481.26
[c2670.bench][7nm_119_1.genlib] Delay: 106.8 ps | Area: 418.97
[c2670.bench][7nm_119_2.genlib] Delay: 113.16 ps | Area: 453.5
[c2670.bench][7nm_119_3.genlib] Delay: 123.85 ps | Area: 474.02
[c2670.bench][7nm_119_4.genlib] Delay: 162.14 ps | Area: 498.29
[c2670.bench][7nm_119_5.genlib] Delay: 116.69 ps | Area: 425.5
[c2670.bench][7nm_120_1.genlib] Delay: 101.63 ps | Area: 518.11
[c2670.bench][7nm_120_2.genlib] Delay: 98.2 ps | Area: 433.67
[c2670.bench][7nm_120_3.genlib] Delay: 124.97 ps | Area: 475.19
[c2670.bench][7nm_120_4.genlib] Delay: 118.26 ps | Area: 499.92
[c2670.bench][7nm_120_5.genlib] Delay: 110.04 ps | Area: 460.49
[c2670.bench][7nm_121_1.genlib] Delay: 160.01 ps | Area: 446.96
[c2670.bench][7nm_121_2.genlib] Delay: nan ps | Area: nan
[c2670.bench][7nm_121_3.genlib] Delay: 109.69 ps | Area: 431.57
[c2670.bench][7nm_121_4.genlib] Delay: 118.44 ps | Area: 475.66
[c2670.bench][7nm_121_5.genlib] Delay: nan ps | Area: nan
[c2670.bench][7nm_122_1.genlib] Delay: 104.17 ps | Area: 512.75
[c2670.bench][7nm_122_2.genlib] Delay: nan ps | Area: nan
[c2670.bench][7nm_122_3.genlib] Delay: 104.24 ps | Area: 488.49
[c2670.bench][7nm_122_4.genlib] Delay: 122.63 ps | Area: 461.89
[c2670.bench][7nm_122_5.genlib] Delay: 137.69 ps | Area: 478.22
[c2670.bench][7nm_123_1.genlib] Delay: 121.99 ps | Area: 455.83
[c2670.bench][7nm_123_2.genlib] Delay: 108.66 ps | Area: 452.8
[c2670.bench][7nm_123_3.genlib] Delay: 99.24 ps | Area: 500.85
[c2670.bench][7nm_123_4.genlib] Delay: 141.25 ps | Area: 486.39
[c2670.bench][7nm_123_5.genlib] Delay: 127.64 ps | Area: 472.39
[c2670.bench][7nm_124_1.genlib] Delay: 112.45 ps | Area: 473.33
[c2670.bench][7nm_124_2.genlib] Delay: 132.04 ps | Area: 472.16
[c2670.bench][7nm_124_3.genlib] Delay: 121.21 ps | Area: 482.19
[c2670.bench][7nm_124_4.genlib] Delay: 129.28 ps | Area: 461.43
[c2670.bench][7nm_124_5.genlib] Delay: nan ps | Area: nan
[c2670.bench][7nm_125_1.genlib] Delay: nan ps | Area: nan
[c2670.bench][7nm_125_2.genlib] Delay: 155.74 ps | Area: 486.39
[c2670.bench][7nm_125_3.genlib] Delay: nan ps | Area: nan
[c2670.bench][7nm_125_4.genlib] Delay: nan ps | Area: nan
[c2670.bench][7nm_125_5.genlib] Delay: nan ps | Area: nan
[c2670.bench][7nm_126_1.genlib] Delay: nan ps | Area: nan
[c2670.bench][7nm_126_2.genlib] Delay: 117.03 ps | Area: 479.39
[c2670.bench][7nm_126_3.genlib] Delay: nan ps | Area: nan
[c2670.bench][7nm_126_4.genlib] Delay: 111.41 ps | Area: 468.19
[c2670.bench][7nm_126_5.genlib] Delay: nan ps | Area: nan
[c2670.bench][7nm_127_1.genlib] Delay: 127.17 ps | Area: 457.7
[c2670.bench][7nm_127_2.genlib] Delay: 109.81 ps | Area: 497.82
[c2670.bench][7nm_127_3.genlib] Delay: 120.23 ps | Area: 446.96
[c2670.bench][7nm_127_4.genlib] Delay: nan ps | Area: nan
[c2670.bench][7nm_127_5.genlib] Delay: 162.95 ps | Area: 502.25
[c2670.bench][7nm_128_1.genlib] Delay: 141.54 ps | Area: 467.73
[c2670.bench][7nm_128_2.genlib] Delay: nan ps | Area: nan
[c2670.bench][7nm_128_3.genlib] Delay: 112.07 ps | Area: 410.11
[c2670.bench][7nm_128_4.genlib] Delay: 137.55 ps | Area: 481.49
[c2670.bench][7nm_128_5.genlib] Delay: 163.23 ps | Area: 465.63
[c2670.bench][7nm_129_1.genlib] Delay: 115.43 ps | Area: 498.05
[c2670.bench][7nm_129_2.genlib] Delay: 135.53 ps | Area: 485.46
[c2670.bench][7nm_129_3.genlib] Delay: 119.25 ps | Area: 478.92
[c2670.bench][7nm_129_4.genlib] Delay: 132.87 ps | Area: 471.93
[c2670.bench][7nm_129_5.genlib] Delay: 122.21 ps | Area: 490.12
[c2670.bench][7nm_130_1.genlib] Delay: 128.03 ps | Area: 466.79
[c2670.bench][7nm_130_2.genlib] Delay: 113.15 ps | Area: 490.59
[c2670.bench][7nm_130_3.genlib] Delay: 100.44 ps | Area: 452.8
[c2670.bench][7nm_130_4.genlib] Delay: 136.16 ps | Area: 469.36
[c2670.bench][7nm_130_5.genlib] Delay: nan ps | Area: nan
[c2670.bench][7nm_131_1.genlib] Delay: 136.77 ps | Area: 474.72
[c2670.bench][7nm_131_2.genlib] Delay: 123.71 ps | Area: 493.85
[c2670.bench][7nm_131_3.genlib] Delay: 151.43 ps | Area: 461.89
[c2670.bench][7nm_131_4.genlib] Delay: 110.93 ps | Area: 404.74
[c2670.bench][7nm_131_5.genlib] Delay: nan ps | Area: nan
[c2670.bench][7nm_132_1.genlib] Delay: 105.05 ps | Area: 463.99
[c2670.bench][7nm_132_2.genlib] Delay: 117.9 ps | Area: 500.62
[c2670.bench][7nm_132_3.genlib] Delay: 114.91 ps | Area: 472.39
[c2670.bench][7nm_132_4.genlib] Delay: 109.98 ps | Area: 475.66
[c2670.bench][7nm_132_5.genlib] Delay: 110.19 ps | Area: 453.96
[c2670.bench][7nm_133_1.genlib] Delay: nan ps | Area: nan
[c2670.bench][7nm_133_2.genlib] Delay: 115.67 ps | Area: 457.0
[c2670.bench][7nm_133_3.genlib] Delay: 139.08 ps | Area: 395.18
[c2670.bench][7nm_133_4.genlib] Delay: 158.86 ps | Area: 474.96
[c2670.bench][7nm_133_5.genlib] Delay: 106.1 ps | Area: 404.74
[c2670.bench][7nm_134_1.genlib] Delay: 125.72 ps | Area: 476.82
[c2670.bench][7nm_134_2.genlib] Delay: 118.78 ps | Area: 471.46
[c2670.bench][7nm_134_3.genlib] Delay: 108.67 ps | Area: 455.13
[c2670.bench][7nm_134_4.genlib] Delay: 144.54 ps | Area: 472.63
[c2670.bench][7nm_134_5.genlib] Delay: 113.7 ps | Area: 491.75
[c2670.bench][7nm_135_1.genlib] Delay: 134.42 ps | Area: 403.57
[c2670.bench][7nm_135_2.genlib] Delay: nan ps | Area: nan
[c2670.bench][7nm_135_3.genlib] Delay: 128.63 ps | Area: 465.63
[c2670.bench][7nm_135_4.genlib] Delay: 117.72 ps | Area: 472.63
[c2670.bench][7nm_135_5.genlib] Delay: 136.68 ps | Area: 484.99
[c2670.bench][7nm_136_1.genlib] Delay: 113.07 ps | Area: 399.61
[c2670.bench][7nm_136_2.genlib] Delay: 109.22 ps | Area: 464.46
[c2670.bench][7nm_136_3.genlib] Delay: 117.37 ps | Area: 480.32
[c2670.bench][7nm_136_4.genlib] Delay: 135.14 ps | Area: 455.36
[c2670.bench][7nm_136_5.genlib] Delay: 101.12 ps | Area: 492.22
[c2670.bench][7nm_137_1.genlib] Delay: 122.38 ps | Area: 464.23
[c2670.bench][7nm_137_2.genlib] Delay: 105.16 ps | Area: 470.99
[c2670.bench][7nm_137_3.genlib] Delay: 103.7 ps | Area: 503.88
[c2670.bench][7nm_137_4.genlib] Delay: 107.48 ps | Area: 507.15
[c2670.bench][7nm_137_5.genlib] Delay: 148.78 ps | Area: 468.19
[c2670.bench][7nm_138_1.genlib] Delay: 115.82 ps | Area: 464.23
[c2670.bench][7nm_138_2.genlib] Delay: nan ps | Area: nan
[c2670.bench][7nm_138_3.genlib] Delay: 106.72 ps | Area: 466.79
[c2670.bench][7nm_138_4.genlib] Delay: 106.85 ps | Area: 491.29
[c2670.bench][7nm_138_5.genlib] Delay: 111.16 ps | Area: 467.26
[c2670.bench][7nm_139_1.genlib] Delay: 113.01 ps | Area: 473.79
[c2670.bench][7nm_139_2.genlib] Delay: 130.26 ps | Area: 479.62
[c2670.bench][7nm_139_3.genlib] Delay: 134.15 ps | Area: 483.36
[c2670.bench][7nm_139_4.genlib] Delay: 108.3 ps | Area: 501.32
[c2670.bench][7nm_139_5.genlib] Delay: 145.69 ps | Area: 468.19
[c2670.bench][7nm_140_1.genlib] Delay: 98.13 ps | Area: 452.8
[c2670.bench][7nm_140_2.genlib] Delay: nan ps | Area: nan
[c2670.bench][7nm_140_3.genlib] Delay: nan ps | Area: nan
[c2670.bench][7nm_140_4.genlib] Delay: 137.48 ps | Area: 470.53
[c2670.bench][7nm_140_5.genlib] Delay: 136.96 ps | Area: 468.43
[c2670.bench][7nm_141_1.genlib] Delay: 122.48 ps | Area: 475.66
[c2670.bench][7nm_141_2.genlib] Delay: 152.02 ps | Area: 455.83
[c2670.bench][7nm_141_3.genlib] Delay: 156.52 ps | Area: 457.46
[c2670.bench][7nm_141_4.genlib] Delay: 142.25 ps | Area: 486.86
[c2670.bench][7nm_141_5.genlib] Delay: 121.26 ps | Area: 480.56
[c2670.bench][7nm_142_1.genlib] Delay: 119.41 ps | Area: 457.0
[c2670.bench][7nm_142_2.genlib] Delay: 107.95 ps | Area: 471.69
[c2670.bench][7nm_142_3.genlib] Delay: 108.88 ps | Area: 421.54
[c2670.bench][7nm_142_4.genlib] Delay: 119.36 ps | Area: 457.23
[c2670.bench][7nm_142_5.genlib] Delay: 155.13 ps | Area: 460.03
[c2670.bench][7nm_143_1.genlib] Delay: 141.56 ps | Area: 454.9
[c2670.bench][7nm_143_2.genlib] Delay: 109.25 ps | Area: 453.26
[c2670.bench][7nm_143_3.genlib] Delay: 135.32 ps | Area: 461.43
[c2670.bench][7nm_143_4.genlib] Delay: 146.78 ps | Area: 450.46
[c2670.bench][7nm_143_5.genlib] Delay: 152.57 ps | Area: 457.23
[c2670.bench][7nm_144_1.genlib] Delay: 135.46 ps | Area: 463.76
[c2670.bench][7nm_144_2.genlib] Delay: 112.18 ps | Area: 514.38
[c2670.bench][7nm_144_3.genlib] Delay: 113.51 ps | Area: 438.57
[c2670.bench][7nm_144_4.genlib] Delay: nan ps | Area: nan
[c2670.bench][7nm_144_5.genlib] Delay: 130.29 ps | Area: 452.33
[c2670.bench][7nm_145_1.genlib] Delay: nan ps | Area: nan
[c2670.bench][7nm_145_2.genlib] Delay: 101.0 ps | Area: 483.12
[c2670.bench][7nm_145_3.genlib] Delay: 148.78 ps | Area: 467.96
[c2670.bench][7nm_145_4.genlib] Delay: nan ps | Area: nan
[c2670.bench][7nm_145_5.genlib] Delay: 110.44 ps | Area: 463.29
[c2670.bench][7nm_146_1.genlib] Delay: 124.87 ps | Area: 473.79
[c2670.bench][7nm_146_2.genlib] Delay: 108.35 ps | Area: 472.39
[c2670.bench][7nm_146_3.genlib] Delay: 106.95 ps | Area: 462.83
[c2670.bench][7nm_146_4.genlib] Delay: 147.43 ps | Area: 473.79
[c2670.bench][7nm_146_5.genlib] Delay: 147.06 ps | Area: 471.69
[c2670.bench][7nm_147_1.genlib] Delay: 145.39 ps | Area: 463.76
[c2670.bench][7nm_147_2.genlib] Delay: 147.57 ps | Area: 465.86
[c2670.bench][7nm_147_3.genlib] Delay: 157.72 ps | Area: 459.1
[c2670.bench][7nm_147_4.genlib] Delay: 103.27 ps | Area: 494.32
[c2670.bench][7nm_147_5.genlib] Delay: 130.39 ps | Area: 460.73
[c2670.bench][7nm_148_1.genlib] Delay: 147.9 ps | Area: 477.99
[c2670.bench][7nm_148_2.genlib] Delay: nan ps | Area: nan
[c2670.bench][7nm_148_3.genlib] Delay: 137.24 ps | Area: 476.59
[c2670.bench][7nm_148_4.genlib] Delay: 129.85 ps | Area: 457.0
[c2670.bench][7nm_148_5.genlib] Delay: 124.34 ps | Area: 467.26
[c2670.bench][7nm_149_1.genlib] Delay: 132.84 ps | Area: 461.66
[c2670.bench][7nm_149_2.genlib] Delay: 152.02 ps | Area: 460.49
[c2670.bench][7nm_149_3.genlib] Delay: 108.94 ps | Area: 463.76
[c2670.bench][7nm_149_4.genlib] Delay: 108.94 ps | Area: 463.76
[c2670.bench][7nm_149_5.genlib] Delay: 101.52 ps | Area: 512.98
[c2670.bench][7nm_150_1.genlib] Delay: 112.49 ps | Area: 471.23
[c2670.bench][7nm_150_2.genlib] Delay: 155.37 ps | Area: 463.06
[c2670.bench][7nm_150_3.genlib] Delay: 127.25 ps | Area: 461.66
[c2670.bench][7nm_150_4.genlib] Delay: 136.95 ps | Area: 461.66
[c2670.bench][7nm_150_5.genlib] Delay: 132.84 ps | Area: 456.3
[b20_1.bench][7nm_75_1.genlib] Delay: 620.18 ps | Area: 5172.28
[b20_1.bench][7nm_75_2.genlib] Delay: 600.92 ps | Area: 6495.45
[b20_1.bench][7nm_75_3.genlib] Delay: 739.4 ps | Area: 5468.55
[b20_1.bench][7nm_75_4.genlib] Delay: 588.3 ps | Area: 6905.79
[b20_1.bench][7nm_75_5.genlib] Delay: 578.65 ps | Area: 6252.84
[b20_1.bench][7nm_76_1.genlib] Delay: 591.92 ps | Area: 6806.88
[b20_1.bench][7nm_76_2.genlib] Delay: 764.89 ps | Area: 6679.74
[b20_1.bench][7nm_76_3.genlib] Delay: 856.15 ps | Area: 5551.83
[b20_1.bench][7nm_76_4.genlib] Delay: 629.04 ps | Area: 6369.48
[b20_1.bench][7nm_76_5.genlib] Delay: 658.04 ps | Area: 5086.2
[b20_1.bench][7nm_77_1.genlib] Delay: 835.33 ps | Area: 6971.34
[b20_1.bench][7nm_77_2.genlib] Delay: 587.09 ps | Area: 5380.6
[b20_1.bench][7nm_77_3.genlib] Delay: 527.6 ps | Area: 6644.98
[b20_1.bench][7nm_77_4.genlib] Delay: 657.36 ps | Area: 5875.16
[b20_1.bench][7nm_77_5.genlib] Delay: 549.4 ps | Area: 6605.79
[b20_1.bench][7nm_78_1.genlib] Delay: 924.22 ps | Area: 6431.76
[b20_1.bench][7nm_78_2.genlib] Delay: 547.27 ps | Area: 6985.34
[b20_1.bench][7nm_78_3.genlib] Delay: 787.4 ps | Area: 6461.16
[b20_1.bench][7nm_78_4.genlib] Delay: 708.2 ps | Area: 7089.15
[b20_1.bench][7nm_78_5.genlib] Delay: 605.5 ps | Area: 6498.71
[b20_1.bench][7nm_79_1.genlib] Delay: 810.15 ps | Area: 5385.97
[b20_1.bench][7nm_79_2.genlib] Delay: 628.97 ps | Area: 6437.13
[b20_1.bench][7nm_79_3.genlib] Delay: 801.34 ps | Area: 5539.0
[b20_1.bench][7nm_79_4.genlib] Delay: 675.52 ps | Area: 5687.37
[b20_1.bench][7nm_79_5.genlib] Delay: 661.88 ps | Area: 6929.12
[b20_1.bench][7nm_80_1.genlib] Delay: 583.67 ps | Area: 6389.07
[b20_1.bench][7nm_80_2.genlib] Delay: 617.02 ps | Area: 5440.32
[b20_1.bench][7nm_80_3.genlib] Delay: 1248.83 ps | Area: 5269.1
[b20_1.bench][7nm_80_4.genlib] Delay: 660.74 ps | Area: 6071.58
[b20_1.bench][7nm_80_5.genlib] Delay: 633.21 ps | Area: 6477.95
[b20_1.bench][7nm_81_1.genlib] Delay: 588.05 ps | Area: 7508.12
[b20_1.bench][7nm_81_2.genlib] Delay: 647.73 ps | Area: 8435.41
[b20_1.bench][7nm_81_3.genlib] Delay: 550.4 ps | Area: 6546.07
[b20_1.bench][7nm_81_4.genlib] Delay: 646.14 ps | Area: 5596.39
[b20_1.bench][7nm_81_5.genlib] Delay: 549.57 ps | Area: 8445.2
[b20_1.bench][7nm_82_1.genlib] Delay: 818.78 ps | Area: 6611.16
[b20_1.bench][7nm_82_2.genlib] Delay: 705.21 ps | Area: 6366.21
[b20_1.bench][7nm_82_3.genlib] Delay: 517.45 ps | Area: 8159.43
[b20_1.bench][7nm_82_4.genlib] Delay: 646.41 ps | Area: 6567.77
[b20_1.bench][7nm_82_5.genlib] Delay: 481.71 ps | Area: 7692.87
[b20_1.bench][7nm_83_1.genlib] Delay: 580.48 ps | Area: 6578.5
[b20_1.bench][7nm_83_2.genlib] Delay: 765.59 ps | Area: 7032.93
[b20_1.bench][7nm_83_3.genlib] Delay: 617.9 ps | Area: 6407.97
[b20_1.bench][7nm_83_4.genlib] Delay: 575.62 ps | Area: 6344.52
[b20_1.bench][7nm_83_5.genlib] Delay: 858.78 ps | Area: 5618.78
[b20_1.bench][7nm_84_1.genlib] Delay: 580.31 ps | Area: 6799.65
[b20_1.bench][7nm_84_2.genlib] Delay: 642.89 ps | Area: 6424.3
[b20_1.bench][7nm_84_3.genlib] Delay: 525.08 ps | Area: 6908.35
[b20_1.bench][7nm_84_4.genlib] Delay: 494.01 ps | Area: 6640.78
[b20_1.bench][7nm_84_5.genlib] Delay: 550.28 ps | Area: 6867.76
[b20_1.bench][7nm_85_1.genlib] Delay: 614.45 ps | Area: 5548.8
[b20_1.bench][7nm_85_2.genlib] Delay: 672.47 ps | Area: 6583.4
[b20_1.bench][7nm_85_3.genlib] Delay: 629.52 ps | Area: 6304.63
[b20_1.bench][7nm_85_4.genlib] Delay: 832.83 ps | Area: 5485.81
[b20_1.bench][7nm_85_5.genlib] Delay: 978.59 ps | Area: 5356.58
[b20_1.bench][7nm_86_1.genlib] Delay: 731.98 ps | Area: 6473.29
[b20_1.bench][7nm_86_2.genlib] Delay: 603.95 ps | Area: 5867.93
[b20_1.bench][7nm_86_3.genlib] Delay: 595.87 ps | Area: 6294.13
[b20_1.bench][7nm_86_4.genlib] Delay: 645.78 ps | Area: 6719.16
[b20_1.bench][7nm_86_5.genlib] Delay: 771.46 ps | Area: 6445.76
[b20_1.bench][7nm_87_1.genlib] Delay: 983.93 ps | Area: 5864.43
[b20_1.bench][7nm_87_2.genlib] Delay: 830.17 ps | Area: 6513.18
[b20_1.bench][7nm_87_3.genlib] Delay: 643.34 ps | Area: 5194.68
[b20_1.bench][7nm_87_4.genlib] Delay: 654.1 ps | Area: 5391.1
[b20_1.bench][7nm_87_5.genlib] Delay: 701.91 ps | Area: 6273.13
[b20_1.bench][7nm_88_1.genlib] Delay: 579.46 ps | Area: 6950.11
[b20_1.bench][7nm_88_2.genlib] Delay: 797.02 ps | Area: 5601.75
[b20_1.bench][7nm_88_3.genlib] Delay: 620.29 ps | Area: 6843.04
[b20_1.bench][7nm_88_4.genlib] Delay: 628.88 ps | Area: 5452.22
[b20_1.bench][7nm_88_5.genlib] Delay: 837.69 ps | Area: 7013.56
[b20_1.bench][7nm_89_1.genlib] Delay: 1017.97 ps | Area: 6384.17
[b20_1.bench][7nm_89_2.genlib] Delay: 654.19 ps | Area: 7033.39
[b20_1.bench][7nm_89_3.genlib] Delay: 593.68 ps | Area: 6460.92
[b20_1.bench][7nm_89_4.genlib] Delay: 743.4 ps | Area: 5845.76
[b20_1.bench][7nm_89_5.genlib] Delay: 531.91 ps | Area: 6560.53
[b20_1.bench][7nm_90_1.genlib] Delay: 486.09 ps | Area: 7507.42
[b20_1.bench][7nm_90_2.genlib] Delay: 608.4 ps | Area: 5448.25
[b20_1.bench][7nm_90_3.genlib] Delay: 678.56 ps | Area: 6658.51
[b20_1.bench][7nm_90_4.genlib] Delay: 767.66 ps | Area: 6267.3
[b20_1.bench][7nm_90_5.genlib] Delay: 568.82 ps | Area: 6473.29
[b20_1.bench][7nm_91_1.genlib] Delay: 770.2 ps | Area: 5429.13
[b20_1.bench][7nm_91_2.genlib] Delay: 580.02 ps | Area: 6477.49
[b20_1.bench][7nm_91_3.genlib] Delay: 755.33 ps | Area: 5479.28
[b20_1.bench][7nm_91_4.genlib] Delay: 693.12 ps | Area: 6492.88
[b20_1.bench][7nm_91_5.genlib] Delay: 778.25 ps | Area: 5573.76
[b20_1.bench][7nm_92_1.genlib] Delay: 809.08 ps | Area: 5187.21
[b20_1.bench][7nm_92_2.genlib] Delay: 599.35 ps | Area: 6676.01
[b20_1.bench][7nm_92_3.genlib] Delay: 605.06 ps | Area: 5490.94
[b20_1.bench][7nm_92_4.genlib] Delay: 551.2 ps | Area: 8149.64
[b20_1.bench][7nm_92_5.genlib] Delay: 900.39 ps | Area: 6558.2
[b20_1.bench][7nm_93_1.genlib] Delay: 1101.29 ps | Area: 5408.6
[b20_1.bench][7nm_93_2.genlib] Delay: 918.83 ps | Area: 6776.08
[b20_1.bench][7nm_93_3.genlib] Delay: 659.94 ps | Area: 6245.61
[b20_1.bench][7nm_93_4.genlib] Delay: 640.21 ps | Area: 5712.33
[b20_1.bench][7nm_93_5.genlib] Delay: 683.42 ps | Area: 5684.57
[b20_1.bench][7nm_94_1.genlib] Delay: 579.03 ps | Area: 6079.51
[b20_1.bench][7nm_94_2.genlib] Delay: 1115.66 ps | Area: 5818.24
[b20_1.bench][7nm_94_3.genlib] Delay: 705.71 ps | Area: 5113.26
[b20_1.bench][7nm_94_4.genlib] Delay: 795.01 ps | Area: 6069.95
[b20_1.bench][7nm_94_5.genlib] Delay: 652.04 ps | Area: 5709.99
[b20_1.bench][7nm_95_1.genlib] Delay: 626.48 ps | Area: 6504.78
[b20_1.bench][7nm_95_2.genlib] Delay: 486.48 ps | Area: 7495.29
[b20_1.bench][7nm_95_3.genlib] Delay: 569.72 ps | Area: 6750.66
[b20_1.bench][7nm_95_4.genlib] Delay: 578.89 ps | Area: 6722.66
[b20_1.bench][7nm_95_5.genlib] Delay: 727.21 ps | Area: 5630.91
[b20_1.bench][7nm_96_1.genlib] Delay: 673.05 ps | Area: 6180.99
[b20_1.bench][7nm_96_2.genlib] Delay: 692.66 ps | Area: 5433.56
[b20_1.bench][7nm_96_3.genlib] Delay: 667.46 ps | Area: 6336.12
[b20_1.bench][7nm_96_4.genlib] Delay: 453.83 ps | Area: 7542.41
[b20_1.bench][7nm_96_5.genlib] Delay: 660.0 ps | Area: 6283.86
[b20_1.bench][7nm_97_1.genlib] Delay: 653.95 ps | Area: 6416.83
[b20_1.bench][7nm_97_2.genlib] Delay: 785.74 ps | Area: 6173.99
[b20_1.bench][7nm_97_3.genlib] Delay: 635.35 ps | Area: 6189.38
[b20_1.bench][7nm_97_4.genlib] Delay: 557.0 ps | Area: 5650.27
[b20_1.bench][7nm_97_5.genlib] Delay: 654.99 ps | Area: 5620.88
[b20_1.bench][7nm_98_1.genlib] Delay: 573.98 ps | Area: 5387.14
[b20_1.bench][7nm_98_2.genlib] Delay: 670.26 ps | Area: 5076.17
[b20_1.bench][7nm_98_3.genlib] Delay: 699.54 ps | Area: 5172.98
[b20_1.bench][7nm_98_4.genlib] Delay: 918.46 ps | Area: 5503.54
[b20_1.bench][7nm_98_5.genlib] Delay: 615.83 ps | Area: 5681.77
[b20_1.bench][7nm_99_1.genlib] Delay: 841.78 ps | Area: 5311.55
[b20_1.bench][7nm_99_2.genlib] Delay: 594.35 ps | Area: 7563.64
[b20_1.bench][7nm_99_3.genlib] Delay: 696.61 ps | Area: 5506.57
[b20_1.bench][7nm_99_4.genlib] Delay: 795.2 ps | Area: 5171.82
[b20_1.bench][7nm_99_5.genlib] Delay: 728.62 ps | Area: 6537.21
[b20_1.bench][7nm_100_1.genlib] Delay: 827.93 ps | Area: 5441.26
[b20_1.bench][7nm_100_2.genlib] Delay: 698.67 ps | Area: 5568.63
[b20_1.bench][7nm_100_3.genlib] Delay: 443.26 ps | Area: 7574.37
[b20_1.bench][7nm_100_4.genlib] Delay: 653.52 ps | Area: 5134.96
[b20_1.bench][7nm_100_5.genlib] Delay: 821.4 ps | Area: 6355.25
[b20_1.bench][7nm_101_1.genlib] Delay: 743.41 ps | Area: 5171.58
[b20_1.bench][7nm_101_2.genlib] Delay: 590.31 ps | Area: 5483.95
[b20_1.bench][7nm_101_3.genlib] Delay: 570.34 ps | Area: 6165.36
[b20_1.bench][7nm_101_4.genlib] Delay: 584.31 ps | Area: 7690.77
[b20_1.bench][7nm_101_5.genlib] Delay: 921.91 ps | Area: 6058.28
[b20_1.bench][7nm_102_1.genlib] Delay: 633.39 ps | Area: 5538.07
[b20_1.bench][7nm_102_2.genlib] Delay: 566.02 ps | Area: 6032.85
[b20_1.bench][7nm_102_3.genlib] Delay: 713.08 ps | Area: 5180.45
[b20_1.bench][7nm_102_4.genlib] Delay: 691.62 ps | Area: 5066.38
[b20_1.bench][7nm_102_5.genlib] Delay: 631.91 ps | Area: 5580.06
[b20_1.bench][7nm_103_1.genlib] Delay: 456.46 ps | Area: 7495.52
[b20_1.bench][7nm_103_2.genlib] Delay: 821.23 ps | Area: 6117.77
[b20_1.bench][7nm_103_3.genlib] Delay: 586.21 ps | Area: 7825.61
[b20_1.bench][7nm_103_4.genlib] Delay: 1041.11 ps | Area: 5179.28
[b20_1.bench][7nm_103_5.genlib] Delay: 601.93 ps | Area: 6613.72
[b20_1.bench][7nm_104_1.genlib] Delay: 578.06 ps | Area: 5171.35
[b20_1.bench][7nm_104_2.genlib] Delay: 626.27 ps | Area: 5196.08
[b20_1.bench][7nm_104_3.genlib] Delay: 677.22 ps | Area: 5224.77
[b20_1.bench][7nm_104_4.genlib] Delay: 614.81 ps | Area: 6353.85
[b20_1.bench][7nm_104_5.genlib] Delay: 644.33 ps | Area: 5501.68
[b20_1.bench][7nm_105_1.genlib] Delay: 711.53 ps | Area: 5328.35
[b20_1.bench][7nm_105_2.genlib] Delay: 803.68 ps | Area: 5684.8
[b20_1.bench][7nm_105_3.genlib] Delay: 666.39 ps | Area: 5453.15
[b20_1.bench][7nm_105_4.genlib] Delay: 513.47 ps | Area: 6446.93
[b20_1.bench][7nm_105_5.genlib] Delay: 718.81 ps | Area: 6047.78
[b20_1.bench][7nm_106_1.genlib] Delay: 649.65 ps | Area: 5060.54
[b20_1.bench][7nm_106_2.genlib] Delay: 612.15 ps | Area: 6484.25
[b20_1.bench][7nm_106_3.genlib] Delay: 577.12 ps | Area: 6404.7
[b20_1.bench][7nm_106_4.genlib] Delay: 511.48 ps | Area: 7609.59
[b20_1.bench][7nm_106_5.genlib] Delay: 686.61 ps | Area: 6435.03
[b20_1.bench][7nm_107_1.genlib] Delay: 665.43 ps | Area: 6173.76
[b20_1.bench][7nm_107_2.genlib] Delay: 590.75 ps | Area: 5972.9
[b20_1.bench][7nm_107_3.genlib] Delay: 589.3 ps | Area: 5345.38
[b20_1.bench][7nm_107_4.genlib] Delay: 710.36 ps | Area: 4907.51
[b20_1.bench][7nm_107_5.genlib] Delay: 621.35 ps | Area: 5389.93
[b20_1.bench][7nm_108_1.genlib] Delay: 612.48 ps | Area: 5319.48
[b20_1.bench][7nm_108_2.genlib] Delay: 1116.83 ps | Area: 5286.12
[b20_1.bench][7nm_108_3.genlib] Delay: 789.25 ps | Area: 5999.5
[b20_1.bench][7nm_108_4.genlib] Delay: 534.4 ps | Area: 5965.67
[b20_1.bench][7nm_108_5.genlib] Delay: 734.87 ps | Area: 6001.83
[b20_1.bench][7nm_109_1.genlib] Delay: 591.11 ps | Area: 6278.73
[b20_1.bench][7nm_109_2.genlib] Delay: 788.65 ps | Area: 6218.31
[b20_1.bench][7nm_109_3.genlib] Delay: 686.31 ps | Area: 5139.39
[b20_1.bench][7nm_109_4.genlib] Delay: 694.0 ps | Area: 5901.75
[b20_1.bench][7nm_109_5.genlib] Delay: 901.34 ps | Area: 4988.93
[b20_1.bench][7nm_110_1.genlib] Delay: 761.79 ps | Area: 6205.25
[b20_1.bench][7nm_110_2.genlib] Delay: 653.18 ps | Area: 6099.57
[b20_1.bench][7nm_110_3.genlib] Delay: 542.23 ps | Area: 6228.34
[b20_1.bench][7nm_110_4.genlib] Delay: 648.15 ps | Area: 5419.09
[b20_1.bench][7nm_110_5.genlib] Delay: 687.24 ps | Area: 5257.66
[b20_1.bench][7nm_111_1.genlib] Delay: 785.77 ps | Area: 5356.34
[b20_1.bench][7nm_111_2.genlib] Delay: 782.75 ps | Area: 6252.37
[b20_1.bench][7nm_111_3.genlib] Delay: 682.23 ps | Area: 5500.51
[b20_1.bench][7nm_111_4.genlib] Delay: 742.9 ps | Area: 5247.63
[b20_1.bench][7nm_111_5.genlib] Delay: 704.9 ps | Area: 5221.74
[b20_1.bench][7nm_112_1.genlib] Delay: 533.97 ps | Area: 6392.11
[b20_1.bench][7nm_112_2.genlib] Delay: 686.17 ps | Area: 5310.62
[b20_1.bench][7nm_112_3.genlib] Delay: 667.92 ps | Area: 5113.5
[b20_1.bench][7nm_112_4.genlib] Delay: 709.33 ps | Area: 5511.47
[b20_1.bench][7nm_112_5.genlib] Delay: 593.04 ps | Area: 6040.55
[b20_1.bench][7nm_113_1.genlib] Delay: 743.73 ps | Area: 5288.22
[b20_1.bench][7nm_113_2.genlib] Delay: 627.33 ps | Area: 6824.37
[b20_1.bench][7nm_113_3.genlib] Delay: 654.92 ps | Area: 5416.53
[b20_1.bench][7nm_113_4.genlib] Delay: 778.4 ps | Area: 5134.26
[b20_1.bench][7nm_113_5.genlib] Delay: 682.97 ps | Area: 5541.57
[b20_1.bench][7nm_114_1.genlib] Delay: 628.95 ps | Area: 5370.11
[b20_1.bench][7nm_114_2.genlib] Delay: 670.88 ps | Area: 5250.9
[b20_1.bench][7nm_114_3.genlib] Delay: 749.23 ps | Area: 5157.12
[b20_1.bench][7nm_114_4.genlib] Delay: 753.12 ps | Area: 5228.04
[b20_1.bench][7nm_114_5.genlib] Delay: 680.84 ps | Area: 5365.44
[b20_1.bench][7nm_115_1.genlib] Delay: 641.83 ps | Area: 6115.67
[b20_1.bench][7nm_115_2.genlib] Delay: 534.07 ps | Area: 5938.61
[b20_1.bench][7nm_115_3.genlib] Delay: 688.54 ps | Area: 5014.59
[b20_1.bench][7nm_115_4.genlib] Delay: 729.46 ps | Area: 5191.18
[b20_1.bench][7nm_115_5.genlib] Delay: 661.35 ps | Area: 6055.72
[b20_1.bench][7nm_116_1.genlib] Delay: 721.87 ps | Area: 6018.39
[b20_1.bench][7nm_116_2.genlib] Delay: 781.67 ps | Area: 5411.16
[b20_1.bench][7nm_116_3.genlib] Delay: 718.8 ps | Area: 5167.85
[b20_1.bench][7nm_116_4.genlib] Delay: 745.87 ps | Area: 5194.91
[b20_1.bench][7nm_116_5.genlib] Delay: 562.08 ps | Area: 6390.94
[b20_1.bench][7nm_117_1.genlib] Delay: 897.36 ps | Area: 5564.19
[b20_1.bench][7nm_117_2.genlib] Delay: 673.64 ps | Area: 5102.07
[b20_1.bench][7nm_117_3.genlib] Delay: 742.63 ps | Area: 5499.81
[b20_1.bench][7nm_117_4.genlib] Delay: 660.97 ps | Area: 5435.89
[b20_1.bench][7nm_117_5.genlib] Delay: 721.16 ps | Area: 5159.92
[b20_1.bench][7nm_118_1.genlib] Delay: 601.25 ps | Area: 5122.6
[b20_1.bench][7nm_118_2.genlib] Delay: 602.14 ps | Area: 5422.83
[b20_1.bench][7nm_118_3.genlib] Delay: 646.83 ps | Area: 5424.69
[b20_1.bench][7nm_118_4.genlib] Delay: 651.68 ps | Area: 4943.67
[b20_1.bench][7nm_118_5.genlib] Delay: 682.02 ps | Area: 6400.27
[b20_1.bench][7nm_119_1.genlib] Delay: 671.43 ps | Area: 5212.88
[b20_1.bench][7nm_119_2.genlib] Delay: 713.43 ps | Area: 6033.09
[b20_1.bench][7nm_119_3.genlib] Delay: 650.69 ps | Area: 5182.78
[b20_1.bench][7nm_119_4.genlib] Delay: 666.88 ps | Area: 5578.66
[b20_1.bench][7nm_119_5.genlib] Delay: 673.79 ps | Area: 6184.72
[b20_1.bench][7nm_120_1.genlib] Delay: 607.22 ps | Area: 5320.18
[b20_1.bench][7nm_120_2.genlib] Delay: 705.32 ps | Area: 5958.2
[b20_1.bench][7nm_120_3.genlib] Delay: 683.97 ps | Area: 5494.21
[b20_1.bench][7nm_120_4.genlib] Delay: 744.3 ps | Area: 6227.88
[b20_1.bench][7nm_120_5.genlib] Delay: 713.42 ps | Area: 6302.06
[b20_1.bench][7nm_121_1.genlib] Delay: 655.75 ps | Area: 5391.1
[b20_1.bench][7nm_121_2.genlib] Delay: 586.05 ps | Area: 5299.42
[b20_1.bench][7nm_121_3.genlib] Delay: 540.41 ps | Area: 6158.13
[b20_1.bench][7nm_121_4.genlib] Delay: 576.3 ps | Area: 6406.57
[b20_1.bench][7nm_121_5.genlib] Delay: 681.61 ps | Area: 5038.85
[b20_1.bench][7nm_122_1.genlib] Delay: 669.74 ps | Area: 5362.87
[b20_1.bench][7nm_122_2.genlib] Delay: 784.22 ps | Area: 5090.87
[b20_1.bench][7nm_122_3.genlib] Delay: 756.54 ps | Area: 6452.06
[b20_1.bench][7nm_122_4.genlib] Delay: 709.7 ps | Area: 6099.81
[b20_1.bench][7nm_122_5.genlib] Delay: 616.05 ps | Area: 6093.27
[b20_1.bench][7nm_123_1.genlib] Delay: 629.68 ps | Area: 5364.97
[b20_1.bench][7nm_123_2.genlib] Delay: 594.05 ps | Area: 6075.54
[b20_1.bench][7nm_123_3.genlib] Delay: 603.05 ps | Area: 5276.09
[b20_1.bench][7nm_123_4.genlib] Delay: 738.35 ps | Area: 5107.9
[b20_1.bench][7nm_123_5.genlib] Delay: 657.36 ps | Area: 5098.57
[b20_1.bench][7nm_124_1.genlib] Delay: 726.64 ps | Area: 5269.1
[b20_1.bench][7nm_124_2.genlib] Delay: 660.09 ps | Area: 5165.52
[b20_1.bench][7nm_124_3.genlib] Delay: 641.6 ps | Area: 5008.52
[b20_1.bench][7nm_124_4.genlib] Delay: 664.69 ps | Area: 5265.36
[b20_1.bench][7nm_124_5.genlib] Delay: 737.5 ps | Area: 6429.66
[b20_1.bench][7nm_125_1.genlib] Delay: 677.63 ps | Area: 5251.37
[b20_1.bench][7nm_125_2.genlib] Delay: 751.1 ps | Area: 5048.41
[b20_1.bench][7nm_125_3.genlib] Delay: 756.25 ps | Area: 5087.37
[b20_1.bench][7nm_125_4.genlib] Delay: 567.64 ps | Area: 6154.39
[b20_1.bench][7nm_125_5.genlib] Delay: 606.93 ps | Area: 5629.28
[b20_1.bench][7nm_126_1.genlib] Delay: 676.28 ps | Area: 5044.68
[b20_1.bench][7nm_126_2.genlib] Delay: 684.66 ps | Area: 5061.48
[b20_1.bench][7nm_126_3.genlib] Delay: 632.61 ps | Area: 5298.02
[b20_1.bench][7nm_126_4.genlib] Delay: 687.18 ps | Area: 5947.94
[b20_1.bench][7nm_126_5.genlib] Delay: 785.99 ps | Area: 5312.72
[b20_1.bench][7nm_127_1.genlib] Delay: 735.5 ps | Area: 5012.72
[b20_1.bench][7nm_127_2.genlib] Delay: 683.21 ps | Area: 5395.53
[b20_1.bench][7nm_127_3.genlib] Delay: 815.21 ps | Area: 6132.23
[b20_1.bench][7nm_127_4.genlib] Delay: 658.7 ps | Area: 5011.79
[b20_1.bench][7nm_127_5.genlib] Delay: 745.52 ps | Area: 5163.42
[b20_1.bench][7nm_128_1.genlib] Delay: 618.19 ps | Area: 5569.56
[b20_1.bench][7nm_128_2.genlib] Delay: 654.76 ps | Area: 5042.58
[b20_1.bench][7nm_128_3.genlib] Delay: 689.16 ps | Area: 5040.01
[b20_1.bench][7nm_128_4.genlib] Delay: 657.71 ps | Area: 5183.02
[b20_1.bench][7nm_128_5.genlib] Delay: 661.8 ps | Area: 5085.27
[b20_1.bench][7nm_129_1.genlib] Delay: 662.94 ps | Area: 5102.07
[b20_1.bench][7nm_129_2.genlib] Delay: 630.96 ps | Area: 5102.07
[b20_1.bench][7nm_129_3.genlib] Delay: 692.7 ps | Area: 5094.6
[b20_1.bench][7nm_129_4.genlib] Delay: 694.99 ps | Area: 5058.91
[b20_1.bench][7nm_129_5.genlib] Delay: 842.28 ps | Area: 5168.55
[b20_1.bench][7nm_130_1.genlib] Delay: 836.96 ps | Area: 5130.06
[b20_1.bench][7nm_130_2.genlib] Delay: 695.82 ps | Area: 5076.41
[b20_1.bench][7nm_130_3.genlib] Delay: 676.6 ps | Area: 5404.16
[b20_1.bench][7nm_130_4.genlib] Delay: 599.8 ps | Area: 6046.38
[b20_1.bench][7nm_130_5.genlib] Delay: 603.23 ps | Area: 6033.09
[b20_1.bench][7nm_131_1.genlib] Delay: 645.26 ps | Area: 5138.23
[b20_1.bench][7nm_131_2.genlib] Delay: 766.39 ps | Area: 5184.41
[b20_1.bench][7nm_131_3.genlib] Delay: 650.98 ps | Area: 5123.76
[b20_1.bench][7nm_131_4.genlib] Delay: 738.59 ps | Area: 5093.67
[b20_1.bench][7nm_131_5.genlib] Delay: 648.2 ps | Area: 5020.42
[b20_1.bench][7nm_132_1.genlib] Delay: 634.91 ps | Area: 5075.24
[b20_1.bench][7nm_132_2.genlib] Delay: 607.42 ps | Area: 5355.18
[b20_1.bench][7nm_132_3.genlib] Delay: 772.98 ps | Area: 6266.6
[b20_1.bench][7nm_132_4.genlib] Delay: 743.75 ps | Area: 5211.71
[b20_1.bench][7nm_132_5.genlib] Delay: 773.25 ps | Area: 6017.22
[b20_1.bench][7nm_133_1.genlib] Delay: 562.81 ps | Area: 6130.6
[b20_1.bench][7nm_133_2.genlib] Delay: 578.49 ps | Area: 5098.57
[b20_1.bench][7nm_133_3.genlib] Delay: 668.91 ps | Area: 5124.23
[b20_1.bench][7nm_133_4.genlib] Delay: 652.85 ps | Area: 5221.27
[b20_1.bench][7nm_133_5.genlib] Delay: 684.64 ps | Area: 5019.02
[b20_1.bench][7nm_134_1.genlib] Delay: 668.6 ps | Area: 5074.54
[b20_1.bench][7nm_134_2.genlib] Delay: 519.11 ps | Area: 6086.28
[b20_1.bench][7nm_134_3.genlib] Delay: 895.86 ps | Area: 5260.23
[b20_1.bench][7nm_134_4.genlib] Delay: 655.67 ps | Area: 5085.5
[b20_1.bench][7nm_134_5.genlib] Delay: 670.9 ps | Area: 5436.82
[b20_1.bench][7nm_135_1.genlib] Delay: 672.88 ps | Area: 4996.86
[b20_1.bench][7nm_135_2.genlib] Delay: 674.59 ps | Area: 5048.88
[b20_1.bench][7nm_135_3.genlib] Delay: 716.05 ps | Area: 5024.85
[b20_1.bench][7nm_135_4.genlib] Delay: 544.93 ps | Area: 6131.53
[b20_1.bench][7nm_135_5.genlib] Delay: 675.84 ps | Area: 5189.78
[b20_1.bench][7nm_136_1.genlib] Delay: 687.06 ps | Area: 4949.27
[b20_1.bench][7nm_136_2.genlib] Delay: 700.91 ps | Area: 5345.61
[b20_1.bench][7nm_136_3.genlib] Delay: 666.7 ps | Area: 6267.77
[b20_1.bench][7nm_136_4.genlib] Delay: 648.85 ps | Area: 5145.92
[b20_1.bench][7nm_136_5.genlib] Delay: 613.12 ps | Area: 5376.17
[b20_1.bench][7nm_137_1.genlib] Delay: 697.71 ps | Area: 5295.46
[b20_1.bench][7nm_137_2.genlib] Delay: 557.96 ps | Area: 6062.48
[b20_1.bench][7nm_137_3.genlib] Delay: 593.88 ps | Area: 5274.93
[b20_1.bench][7nm_137_4.genlib] Delay: 667.1 ps | Area: 5302.69
[b20_1.bench][7nm_137_5.genlib] Delay: 674.95 ps | Area: 5000.59
[b20_1.bench][7nm_138_1.genlib] Delay: 738.68 ps | Area: 5985.5
[b20_1.bench][7nm_138_2.genlib] Delay: 686.14 ps | Area: 5221.27
[b20_1.bench][7nm_138_3.genlib] Delay: 692.73 ps | Area: 6120.57
[b20_1.bench][7nm_138_4.genlib] Delay: 629.59 ps | Area: 5448.25
[b20_1.bench][7nm_138_5.genlib] Delay: 680.21 ps | Area: 6010.46
[b20_1.bench][7nm_139_1.genlib] Delay: 731.53 ps | Area: 5120.03
[b20_1.bench][7nm_139_2.genlib] Delay: 677.21 ps | Area: 5114.43
[b20_1.bench][7nm_139_3.genlib] Delay: 729.46 ps | Area: 5092.5
[b20_1.bench][7nm_139_4.genlib] Delay: 615.83 ps | Area: 5273.76
[b20_1.bench][7nm_139_5.genlib] Delay: 659.6 ps | Area: 5022.52
[b20_1.bench][7nm_140_1.genlib] Delay: 674.42 ps | Area: 5340.01
[b20_1.bench][7nm_140_2.genlib] Delay: 745.58 ps | Area: 4997.32
[b20_1.bench][7nm_140_3.genlib] Delay: 587.75 ps | Area: 5317.85
[b20_1.bench][7nm_140_4.genlib] Delay: 733.47 ps | Area: 5086.9
[b20_1.bench][7nm_140_5.genlib] Delay: 670.4 ps | Area: 5031.85
[b20_1.bench][7nm_141_1.genlib] Delay: 724.41 ps | Area: 5090.87
[b20_1.bench][7nm_141_2.genlib] Delay: 666.14 ps | Area: 5064.98
[b20_1.bench][7nm_141_3.genlib] Delay: 661.17 ps | Area: 5099.5
[b20_1.bench][7nm_141_4.genlib] Delay: 678.5 ps | Area: 5049.35
[b20_1.bench][7nm_141_5.genlib] Delay: 690.35 ps | Area: 6306.96
[b20_1.bench][7nm_142_1.genlib] Delay: 568.44 ps | Area: 6150.19
[b20_1.bench][7nm_142_2.genlib] Delay: 634.3 ps | Area: 5075.01
[b20_1.bench][7nm_142_3.genlib] Delay: 819.09 ps | Area: 5904.55
[b20_1.bench][7nm_142_4.genlib] Delay: 756.99 ps | Area: 5057.74
[b20_1.bench][7nm_142_5.genlib] Delay: 672.72 ps | Area: 5121.2
[b20_1.bench][7nm_143_1.genlib] Delay: 638.23 ps | Area: 5016.45
[b20_1.bench][7nm_143_2.genlib] Delay: 661.48 ps | Area: 5177.18
[b20_1.bench][7nm_143_3.genlib] Delay: 694.35 ps | Area: 5319.48
[b20_1.bench][7nm_143_4.genlib] Delay: 713.03 ps | Area: 5071.51
[b20_1.bench][7nm_143_5.genlib] Delay: 647.22 ps | Area: 5022.05
[b20_1.bench][7nm_144_1.genlib] Delay: 659.12 ps | Area: 5006.42
[b20_1.bench][7nm_144_2.genlib] Delay: 615.89 ps | Area: 5401.83
[b20_1.bench][7nm_144_3.genlib] Delay: 598.82 ps | Area: 5269.1
[b20_1.bench][7nm_144_4.genlib] Delay: 667.1 ps | Area: 5212.64
[b20_1.bench][7nm_144_5.genlib] Delay: 715.91 ps | Area: 5054.71
[b20_1.bench][7nm_145_1.genlib] Delay: 641.44 ps | Area: 5032.08
[b20_1.bench][7nm_145_2.genlib] Delay: 602.26 ps | Area: 5500.74
[b20_1.bench][7nm_145_3.genlib] Delay: 666.7 ps | Area: 5058.21
[b20_1.bench][7nm_145_4.genlib] Delay: 671.47 ps | Area: 5976.87
[b20_1.bench][7nm_145_5.genlib] Delay: 643.4 ps | Area: 5117.23
[b20_1.bench][7nm_146_1.genlib] Delay: 827.91 ps | Area: 5019.72
[b20_1.bench][7nm_146_2.genlib] Delay: 676.85 ps | Area: 6035.19
[b20_1.bench][7nm_146_3.genlib] Delay: 643.7 ps | Area: 5058.91
[b20_1.bench][7nm_146_4.genlib] Delay: 664.44 ps | Area: 5130.76
[b20_1.bench][7nm_146_5.genlib] Delay: 661.58 ps | Area: 5058.21
[b20_1.bench][7nm_147_1.genlib] Delay: 670.85 ps | Area: 5100.2
[b20_1.bench][7nm_147_2.genlib] Delay: 642.75 ps | Area: 5043.98
[b20_1.bench][7nm_147_3.genlib] Delay: 733.83 ps | Area: 4992.43
[b20_1.bench][7nm_147_4.genlib] Delay: 596.46 ps | Area: 5292.19
[b20_1.bench][7nm_147_5.genlib] Delay: 641.12 ps | Area: 5054.01
[b20_1.bench][7nm_148_1.genlib] Delay: 710.35 ps | Area: 5078.97
[b20_1.bench][7nm_148_2.genlib] Delay: 896.14 ps | Area: 5107.43
[b20_1.bench][7nm_148_3.genlib] Delay: 655.9 ps | Area: 5121.66
[b20_1.bench][7nm_148_4.genlib] Delay: 689.14 ps | Area: 5168.55
[b20_1.bench][7nm_148_5.genlib] Delay: 795.75 ps | Area: 5046.31
[b20_1.bench][7nm_149_1.genlib] Delay: 668.74 ps | Area: 5100.67
[b20_1.bench][7nm_149_2.genlib] Delay: 667.97 ps | Area: 5055.88
[b20_1.bench][7nm_149_3.genlib] Delay: 661.99 ps | Area: 5936.51
[b20_1.bench][7nm_149_4.genlib] Delay: 692.19 ps | Area: 5930.44
[b20_1.bench][7nm_149_5.genlib] Delay: 609.0 ps | Area: 5292.42
[b20_1.bench][7nm_150_1.genlib] Delay: 684.74 ps | Area: 5976.4
[b20_1.bench][7nm_150_2.genlib] Delay: 660.93 ps | Area: 5062.64
[b20_1.bench][7nm_150_3.genlib] Delay: 673.92 ps | Area: 4954.4
[b20_1.bench][7nm_150_4.genlib] Delay: 655.25 ps | Area: 5017.85
[b20_1.bench][7nm_150_5.genlib] Delay: 665.93 ps | Area: 4985.43